ESP-ROM:esp32s3-20210327
Build:Mar 27 2021
rst:0x1 (POWERON),boot:0x8 (SPI_FAST_FLASH_BOOT)
SPIWP:0xee
mode:DIO, clock div:1
load:0x3fce2810,len:0x178c
load:0x403c8700,len:0x4
load:0x403c8704,len:0xcb8
load:0x403cb700,len:0x2d9c
entry 0x403c8914
[0;32mI (27) boot: ESP-IDF v5.3-dev-2265-gfdb7a43752 2nd stage bootloader[0m
[0;32mI (27) boot: compile time Apr 27 2024 18:52:33[0m
[0;32mI (27) boot: Multicore bootloader[0m
[0;32mI (32) boot: chip revision: v0.1[0m
[0;32mI (35) boot.esp32s3: Boot SPI Speed : 80MHz[0m
[0;32mI (40) boot.esp32s3: SPI Mode       : DIO[0m
[0;32mI (45) boot.esp32s3: SPI Flash Size : 2MB[0m
[0;32mI (50) boot: Enabling RNG early entropy source...[0m
[0;32mI (55) boot: Partition Table:[0m
[0;32mI (59) boot: ## Label            Usage          Type ST Offset   Length[0m
[0;32mI (66) boot:  0 nvs              WiFi data        01 02 00009000 00006000[0m
[0;32mI (73) boot:  1 phy_init         RF data          01 01 0000f000 00001000[0m
[0;32mI (81) boot:  2 factory          factory app      00 00 00010000 00100000[0m
[0;32mI (88) boot: End of partition table[0m
[0;32mI (92) esp_image: segment 0: paddr=00010020 vaddr=3c080020 size=2169ch (136860) map[0m
[0;32mI (125) esp_image: segment 1: paddr=000316c4 vaddr=3fc97c00 size=04684h ( 18052) load[0m
[0;32mI (129) esp_image: segment 2: paddr=00035d50 vaddr=40374000 size=0a2c8h ( 41672) load[0m
[0;32mI (140) esp_image: segment 3: paddr=00040020 vaddr=42000020 size=7adfch (503292) map[0m
[0;32mI (231) esp_image: segment 4: paddr=000bae24 vaddr=4037e2c8 size=09898h ( 39064) load[0m
[0;32mI (248) boot: Loaded app from partition at offset 0x10000[0m
[0;32mI (248) boot: Disabling RNG early entropy source...[0m
[0;32mI (260) cpu_start: Multicore app[0m
[0;32mI (270) cpu_start: Pro cpu start user code[0m
[0;32mI (270) cpu_start: cpu freq: 160000000 Hz[0m
[0;32mI (270) app_init: Application information:[0m
[0;32mI (273) app_init: Project name:     communications[0m
[0;32mI (278) app_init: App version:      21d9c63-dirty[0m
[0;32mI (283) app_init: Compile time:     Apr 27 2024 18:52:29[0m
[0;32mI (289) app_init: ELF file SHA256:  4b5eba03c...[0m
[0;32mI (295) app_init: ESP-IDF:          v5.3-dev-2265-gfdb7a43752[0m
[0;32mI (301) app_init: Min chip rev:     v0.0[0m
[0;32mI (306) app_init: Max chip rev:     v0.99 [0m
[0;32mI (310) app_init: Chip rev:         v0.1[0m
[0;32mI (315) heap_init: Initializing. RAM available for dynamic allocation:[0m
[0;32mI (322) heap_init: At 3FC9FE70 len 000498A0 (294 KiB): RAM[0m
[0;32mI (328) heap_init: At 3FCE9710 len 00005724 (21 KiB): RAM[0m
[0;32mI (335) heap_init: At 3FCF0000 len 00008000 (32 KiB): DRAM[0m
[0;32mI (341) heap_init: At 600FE010 len 00001FD8 (7 KiB): RTCRAM[0m
[0;32mI (348) spi_flash: detected chip: gd[0m
[0;32mI (351) spi_flash: flash io: dio[0m
[0;33mW (355) spi_flash: Detected size(8192k) larger than the size in the binary image header(2048k). Using the size in the binary image header.[0m
[0;32mI (369) sleep: Configure to isolate all GPIO pins in sleep state[0m
[0;32mI (375) sleep: Enable automatic switching of GPIO sleep configuration[0m
[0;32mI (383) main_task: Started on CPU0[0m
[0;32mI (403) main_task: Calling app_main()[0m
Wifi config...[0;32mI (403) pp: pp rom version: e7ae62f[0m
[0;32mI (403) net80211: net80211 rom version: e7ae62f[0m
W (403) wifi:wifi osi_nvs_open fail ret=4353

[0;33mW (413) wifi_init: Failed to unregister Rx callbacks[0m
[0;31mE (413) wifi_init: Failed to deinit Wi-Fi driver (0x3001)[0m
[0;31mE (423) wifi_init: Failed to deinit Wi-Fi (0x3001)[0m
 done
Wifi ending... done!
[0;32mI (433) main_task: Returned from app_main()[0m
