ESP-ROM:esp32s3-20210327
Build:Mar 27 2021
rst:0x1 (POWERON),boot:0x8 (SPI_FAST_FLASH_BOOT)
SPIWP:0xee
mode:DIO, clock div:1
load:0x3fce2810,len:0x178c
load:0x403c8700,len:0x4
load:0x403c8704,len:0xcb8
load:0x403cb700,len:0x2d9c
entry 0x403c8914
[0;32mI (27) boot: ESP-IDF v5.3-dev-2265-gfdb7a43752 2nd stage bootloader[0m
[0;32mI (27) boot: compile time Apr 27 2024 18:52:33[0m
[0;32mI (27) boot: Multicore bootloader[0m
[0;32mI (32) boot: chip revision: v0.1[0m
[0;32mI (35) boot.esp32s3: Boot SPI Speed : 80MHz[0m
[0;32mI (40) boot.esp32s3: SPI Mode       : DIO[0m
[0;32mI (45) boot.esp32s3: SPI Flash Size : 2MB[0m
[0;32mI (50) boot: Enabling RNG early entropy source...[0m
[0;32mI (55) boot: Partition Table:[0m
[0;32mI (59) boot: ## Label            Usage          Type ST Offset   Length[0m
[0;32mI (66) boot:  0 nvs              WiFi data        01 02 00009000 00006000[0m
[0;32mI (73) boot:  1 phy_init         RF data          01 01 0000f000 00001000[0m
[0;32mI (81) boot:  2 factory          factory app      00 00 00010000 00100000[0m
[0;32mI (88) boot: End of partition table[0m
[0;32mI (92) esp_image: segment 0: paddr=00010020 vaddr=3c080020 size=22090h (139408) map[0m
[0;32mI (126) esp_image: segment 1: paddr=000320b8 vaddr=3fc98200 size=0477ch ( 18300) load[0m
[0;32mI (130) esp_image: segment 2: paddr=0003683c vaddr=40374000 size=097dch ( 38876) load[0m
[0;32mI (140) esp_image: segment 3: paddr=00040020 vaddr=42000020 size=7d148h (512328) map[0m
[0;32mI (232) esp_image: segment 4: paddr=000bd170 vaddr=4037d7dc size=0a9ach ( 43436) load[0m
[0;32mI (251) boot: Loaded app from partition at offset 0x10000[0m
[0;32mI (251) boot: Disabling RNG early entropy source...[0m
[0;32mI (262) cpu_start: Multicore app[0m
[0;32mI (272) cpu_start: Pro cpu start user code[0m
[0;32mI (272) cpu_start: cpu freq: 160000000 Hz[0m
[0;32mI (272) app_init: Application information:[0m
[0;32mI (275) app_init: Project name:     communications[0m
[0;32mI (281) app_init: App version:      e86ab9b-dirty[0m
[0;32mI (286) app_init: Compile time:     Apr 29 2024 08:18:34[0m
[0;32mI (292) app_init: ELF file SHA256:  86a6fac05...[0m
[0;32mI (297) app_init: ESP-IDF:          v5.3-dev-2265-gfdb7a43752[0m
[0;32mI (304) app_init: Min chip rev:     v0.0[0m
[0;32mI (308) app_init: Max chip rev:     v0.99 [0m
[0;32mI (313) app_init: Chip rev:         v0.1[0m
[0;32mI (318) heap_init: Initializing. RAM available for dynamic allocation:[0m
[0;32mI (325) heap_init: At 3FCA05F0 len 00049120 (292 KiB): RAM[0m
[0;32mI (331) heap_init: At 3FCE9710 len 00005724 (21 KiB): RAM[0m
[0;32mI (337) heap_init: At 3FCF0000 len 00008000 (32 KiB): DRAM[0m
[0;32mI (343) heap_init: At 600FE010 len 00001FD8 (7 KiB): RTCRAM[0m
[0;32mI (351) spi_flash: detected chip: gd[0m
[0;32mI (354) spi_flash: flash io: dio[0m
[0;33mW (358) spi_flash: Detected size(8192k) larger than the size in the binary image header(2048k). Using the size in the binary image header.[0m
[0;32mI (371) sleep: Configure to isolate all GPIO pins in sleep state[0m
[0;32mI (378) sleep: Enable automatic switching of GPIO sleep configuration[0m
[0;32mI (385) main_task: Started on CPU0[0m
[0;32mI (405) main_task: Calling app_main()[0m
[0;32mI (445) [COMMUNICATION_TEST] : Starting wifi configuration...[0m
[0;32mI (445) [COMMUNICATION_TEST] : Netif initialization done[0m
[0;32mI (445) [COMMUNICATION_TEST] : Structure configured[0m
[0;32mI (445) pp: pp rom version: e7ae62f[0m
[0;32mI (455) net80211: net80211 rom version: e7ae62f[0m
I (465) wifi:wifi driver task: 3fca968c, prio:23, stack:6656, core=0
I (805) wifi:wifi firmware version: f2b9bda51
I (805) wifi:wifi certification version: v7.0
I (805) wifi:config NVS flash: enabled
I (805) wifi:config nano formating: disabled
I (805) wifi:Init data frame dynamic rx buffer num: 32
I (815) wifi:Init static rx mgmt buffer num: 5
I (815) wifi:Init management short buffer num: 32
I (815) wifi:Init dynamic tx buffer num: 32
I (825) wifi:Init static tx FG buffer num: 2
I (825) wifi:Init static rx buffer size: 1600
I (835) wifi:Init static rx buffer num: 10
I (835) wifi:Init dynamic rx buffer num: 32
[0;32mI (835) wifi_init: rx ba win: 6[0m
[0;32mI (845) wifi_init: accept mbox: 6[0m
[0;32mI (845) wifi_init: tcpip mbox: 32[0m
[0;32mI (855) wifi_init: udp mbox: 6[0m
[0;32mI (855) wifi_init: tcp mbox: 6[0m
[0;32mI (855) wifi_init: tcp tx win: 5760[0m
[0;32mI (865) wifi_init: tcp rx win: 5760[0m
[0;32mI (865) wifi_init: tcp mss: 1440[0m
[0;32mI (875) wifi_init: WiFi IRAM OP enabled[0m
[0;32mI (875) wifi_init: WiFi RX IRAM OP enabled[0m
[0;32mI (1075) [COMMUNICATION_TEST] : MAC address : f4:12:fa:9f:f4:70
[0m
[0;32mI (1075) [COMMUNICATION_TEST] : Wifi configuration completed[0m
[0;32mI (1075) [COMMUNICATION_TEST] : ESP-NOW configuration started...[0m
I (1085) ESPNOW: espnow [version: 1.0] init
[0;32mI (1085) [COMMUNICATION_TEST] : ESP-NOW configuration completed[0m
[0;32mI (1095) [COMMUNICATION_TEST] : MAC peering configuration started...[0m
[0;32mI (1095) [COMMUNICATION_TEST] : completed[0m
Connected to: <INSERT HERE AP NAME>
Guru Meditation Error: Core  0 panic'ed (Interrupt wdt timeout on CPU0). 

Core  0 register dump:
PC      : 0x4037a7da  PS      : 0x00060934  A0      : 0x82002b41  A1      : 0x3fca4a90  
A2      : 0x00000000  A3      : 0x00000001  A4      : 0x8037d03a  A5      : 0x3fca8f40  
A6      : 0x00060023  A7      : 0x00000003  A8      : 0x8200b1c2  A9      : 0x3fca4a50  
A10     : 0x00000000  A11     : 0x00000001  A12     : 0x8037d03a  A13     : 0x3fca8f30  
A14     : 0x00060023  A15     : 0x3fca4c5c  SAR     : 0x00000000  EXCCAUSE: 0x00000005  
EXCVADDR: 0x00000000  LBEG    : 0x00000000  LEND    : 0x00000000  LCOUNT  : 0x00000000  


Backtrace: 0x4037a7d7:0x3fca4a90 0x42002b3e:0x3fca4ab0 0x4037def5:0x3fca4ad0 0x4037cc91:0x3fca4af0


Core  1 register dump:
PC      : 0x4037a7da  PS      : 0x00060734  A0      : 0x82002b41  A1      : 0x3fca51f0  
A2      : 0x00000000  A3      : 0x00000000  A4      : 0x3fca20c0  A5      : 0x3fca20a0  
A6      : 0x40375e98  A7      : 0x00000001  A8      : 0x8200b1c2  A9      : 0x3fca51b0  
A10     : 0x00000000  A11     : 0x00000000  A12     : 0x3fca20a0  A13     : 0x3fca2070  
A14     : 0x00000001  A15     : 0x3fca53b8  SAR     : 0x00000000  EXCCAUSE: 0x00000005  
EXCVADDR: 0x00000000  LBEG    : 0x00000000  LEND    : 0x00000000  LCOUNT  : 0x00000000  


Backtrace: 0x4037a7d7:0x3fca51f0 0x42002b3e:0x3fca5210 0x4037def5:0x3fca5230 0x4037cc91:0x3fca5250




ELF file SHA256: 86a6fac05

Rebooting...
ï¿½ï¿½ï¿½ESP-ROM:esp32s3-20210327
Build:Mar 27 2021
rst:0xc (RTC_SW_CPU_RST),boot:0x8 (SPI_FAST_FLASH_BOOT)
Saved PC:0x40375a2c
SPIWP:0xee
mode:DIO, clock div:1
load:0x3fce2810,len:0x178c
load:0x403c8700,len:0x4
load:0x403c8704,len:0xcb8
load:0x403cb700,len:0x2d9c
entry 0x403c8914
[0;32mI (31) boot: ESP-IDF v5.3-dev-2265-gfdb7a43752 2nd stage bootloader[0m
[0;32mI (31) boot: compile time Apr 27 2024 18:52:33[0m
[0;32mI (32) boot: Multicore bootloader[0m
[0;32mI (36) boot: chip revision: v0.1[0m
[0;32mI (40) boot.esp32s3: Boot SPI Speed : 80MHz[0m
[0;32mI (45) boot.esp32s3: SPI Mode       : DIO[0m
[0;32mI (49) boot.esp32s3: SPI Flash Size : 2MB[0m
[0;32mI (54) boot: Enabling RNG early entropy source...[0m
[0;32mI (59) boot: Partition Table:[0m
[0;32mI (63) boot: ## Label            Usage          Type ST Offset   Length[0m
[0;32mI (70) boot:  0 nvs              WiFi data        01 02 00009000 00006000[0m
[0;32mI (78) boot:  1 phy_init         RF data          01 01 0000f000 00001000[0m
[0;32mI (85) boot:  2 factory          factory app      00 00 00010000 00100000[0m
[0;32mI (93) boot: End of partition table[0m
[0;32mI (97) esp_image: segment 0: paddr=00010020 vaddr=3c080020 size=22090h (139408) map[0m
[0;32mI (130) esp_image: segment 1: paddr=000320b8 vaddr=3fc98200 size=0477ch ( 18300) load[0m
[0;32mI (134) esp_image: segment 2: paddr=0003683c vaddr=40374000 size=097dch ( 38876) load[0m
[0;32mI (145) esp_image: segment 3: paddr=00040020 vaddr=42000020 size=7d148h (512328) map[0m
[0;32mI (237) esp_image: segment 4: paddr=000bd170 vaddr=4037d7dc size=0a9ach ( 43436) load[0m
[0;32mI (255) boot: Loaded app from partition at offset 0x10000[0m
[0;32mI (255) boot: Disabling RNG early entropy source...[0m
[0;32mI (267) cpu_start: Multicore app[0m
[0;32mI (277) cpu_start: Pro cpu start user code[0m
[0;32mI (277) cpu_start: cpu freq: 160000000 Hz[0m
[0;32mI (277) app_init: Application information:[0m
[0;32mI (280) app_init: Project name:     communications[0m
[0;32mI (285) app_init: App version:      e86ab9b-dirty[0m
[0;32mI (290) app_init: Compile time:     Apr 29 2024 08:18:34[0m
[0;32mI (296) app_init: ELF file SHA256:  86a6fac05...[0m
[0;32mI (302) app_init: ESP-IDF:          v5.3-dev-2265-gfdb7a43752[0m
[0;32mI (308) app_init: Min chip rev:     v0.0[0m
[0;32mI (313) app_init: Max chip rev:     v0.99 [0m
[0;32mI (318) app_init: Chip rev:         v0.1[0m
[0;32mI (322) heap_init: Initializing. RAM available for dynamic allocation:[0m
[0;32mI (329) heap_init: At 3FCA05F0 len 00049120 (292 KiB): RAM[0m
[0;32mI (335) heap_init: At 3FCE9710 len 00005724 (21 KiB): RAM[0m
[0;32mI (342) heap_init: At 3FCF0000 len 00008000 (32 KiB): DRAM[0m
[0;32mI (348) heap_init: At 600FE010 len 00001FD8 (7 KiB): RTCRAM[0m
[0;32mI (355) spi_flash: detected chip: gd[0m
[0;32mI (358) spi_flash: flash io: dio[0m
[0;33mW (362) spi_flash: Detected size(8192k) larger than the size in the binary image header(2048k). Using the size in the binary image header.[0m
[0;32mI (376) sleep: Configure to isolate all GPIO pins in sleep state[0m
[0;32mI (382) sleep: Enable automatic switching of GPIO sleep configuration[0m
[0;32mI (390) main_task: Started on CPU0[0m
[0;32mI (410) main_task: Calling app_main()[0m
[0;32mI (450) [COMMUNICATION_TEST] : Starting wifi configuration...[0m
[0;32mI (450) [COMMUNICATION_TEST] : Netif initialization done[0m
[0;32mI (450) [COMMUNICATION_TEST] : Structure configured[0m
[0;32mI (450) pp: pp rom version: e7ae62f[0m
[0;32mI (460) net80211: net80211 rom version: e7ae62f[0m
I (470) wifi:wifi driver task: 3fca968c, prio:23, stack:6656, core=0
I (810) wifi:wifi firmware version: f2b9bda51
I (810) wifi:wifi certification version: v7.0
I (810) wifi:config NVS flash: enabled
I (810) wifi:config nano formating: disabled
I (810) wifi:Init data frame dynamic rx buffer num: 32
I (820) wifi:Init static rx mgmt buffer num: 5
I (820) wifi:Init management short buffer num: 32
I (820) wifi:Init dynamic tx buffer num: 32
I (830) wifi:Init static tx FG buffer num: 2
I (830) wifi:Init static rx buffer size: 1600
I (840) wifi:Init static rx buffer num: 10
I (840) wifi:Init dynamic rx buffer num: 32
[0;32mI (840) wifi_init: rx ba win: 6[0m
[0;32mI (850) wifi_init: accept mbox: 6[0m
[0;32mI (850) wifi_init: tcpip mbox: 32[0m
[0;32mI (860) wifi_init: udp mbox: 6[0m
[0;32mI (860) wifi_init: tcp mbox: 6[0m
[0;32mI (860) wifi_init: tcp tx win: 5760[0m
[0;32mI (870) wifi_init: tcp rx win: 5760[0m
[0;32mI (870) wifi_init: tcp mss: 1440[0m
[0;32mI (870) wifi_init: WiFi IRAM OP enabled[0m
[0;32mI (880) wifi_init: WiFi RX IRAM OP enabled[0m
[0;32mI (900) [COMMUNICATION_TEST] : MAC address : f4:12:fa:9f:f4:70
[0m
[0;32mI (900) [COMMUNICATION_TEST] : Wifi configuration completed[0m
[0;32mI (900) [COMMUNICATION_TEST] : ESP-NOW configuration started...[0m
I (910) ESPNOW: espnow [version: 1.0] init
[0;32mI (910) [COMMUNICATION_TEST] : ESP-NOW configuration completed[0m
[0;32mI (920) [COMMUNICATION_TEST] : MAC peering configuration started...[0m
[0;32mI (930) [COMMUNICATION_TEST] : completed[0m
Connected to: <INSERT HERE AP NAME>
ESP-ROM:esp32s3-20210327
Build:Mar 27 2021
rst:0x1 (POWERON),boot:0x8 (SPI_FAST_FLASH_BOOT)
SPIWP:0xee
mode:DIO, clock div:1
load:0x3fce2810,len:0x178c
load:0x403c8700,len:0x4
load:0x403c8704,len:0xcb8
load:0x403cb700,len:0x2d9c
entry 0x403c8914
[0;32mI (27) boot: ESP-IDF v5.3-dev-2265-gfdb7a43752 2nd stage bootloader[0m
[0;32mI (27) boot: compile time Apr 27 2024 18:52:33[0m
[0;32mI (27) boot: Multicore bootloader[0m
[0;32mI (32) boot: chip revision: v0.1[0m
[0;32mI (35) boot.esp32s3: Boot SPI Speed : 80MHz[0m
[0;32mI (40) boot.esp32s3: SPI Mode       : DIO[0m
[0;32mI (45) boot.esp32s3: SPI Flash Size : 2MB[0m
[0;32mI (50) boot: Enabling RNG early entropy source...[0m
[0;32mI (55) boot: Partition Table:[0m
[0;32mI (59) boot: ## Label            Usage          Type ST Offset   Length[0m
[0;32mI (66) boot:  0 nvs              WiFi data        01 02 00009000 00006000[0m
[0;32mI (73) boot:  1 phy_init         RF data          01 01 0000f000 00001000[0m
[0;32mI (81) boot:  2 factory          factory app      00 00 00010000 00100000[0m
[0;32mI (88) boot: End of partition table[0m
[0;32mI (92) esp_image: segment 0: paddr=00010020 vaddr=3c080020 size=22090h (139408) map[0m
[0;32mI (126) esp_image: segment 1: paddr=000320b8 vaddr=3fc98200 size=0477ch ( 18300) load[0m
[0;32mI (130) esp_image: segment 2: paddr=0003683c vaddr=40374000 size=097dch ( 38876) load[0m
[0;32mI (140) esp_image: segment 3: paddr=00040020 vaddr=42000020 size=7d148h (512328) map[0m
[0;32mI (232) esp_image: segment 4: paddr=000bd170 vaddr=4037d7dc size=0a9ach ( 43436) load[0m
[0;32mI (251) boot: Loaded app from partition at offset 0x10000[0m
[0;32mI (251) boot: Disabling RNG early entropy source...[0m
[0;32mI (262) cpu_start: Multicore app[0m
[0;32mI (272) cpu_start: Pro cpu start user code[0m
[0;32mI (272) cpu_start: cpu freq: 160000000 Hz[0m
[0;32mI (272) app_init: Application information:[0m
[0;32mI (275) app_init: Project name:     communications[0m
[0;32mI (281) app_init: App version:      e86ab9b-dirty[0m
[0;32mI (286) app_init: Compile time:     Apr 29 2024 08:18:34[0m
[0;32mI (292) app_init: ELF file SHA256:  86a6fac05...[0m
[0;32mI (297) app_init: ESP-IDF:          v5.3-dev-2265-gfdb7a43752[0m
[0;32mI (304) app_init: Min chip rev:     v0.0[0m
[0;32mI (308) app_init: Max chip rev:     v0.99 [0m
[0;32mI (313) app_init: Chip rev:         v0.1[0m
[0;32mI (318) heap_init: Initializing. RAM available for dynamic allocation:[0m
[0;32mI (325) heap_init: At 3FCA05F0 len 00049120 (292 KiB): RAM[0m
[0;32mI (331) heap_init: At 3FCE9710 len 00005724 (21 KiB): RAM[0m
[0;32mI (337) heap_init: At 3FCF0000 len 00008000 (32 KiB): DRAM[0m
[0;32mI (343) heap_init: At 600FE010 len 00001FD8 (7 KiB): RTCRAM[0m
[0;32mI (351) spi_flash: detected chip: gd[0m
[0;32mI (354) spi_flash: flash io: dio[0m
[0;33mW (358) spi_flash: Detected size(8192k) larger than the size in the binary image header(2048k). Using the size in the binary image header.[0m
[0;32mI (371) sleep: Configure to isolate all GPIO pins in sleep state[0m
[0;32mI (378) sleep: Enable automatic switching of GPIO sleep configuration[0m
[0;32mI (385) main_task: Started on CPU0[0m
[0;32mI (405) main_task: Calling app_main()[0m
[0;32mI (445) [COMMUNICATION_TEST] : Starting wifi configuration...[0m
[0;32mI (445) [COMMUNICATION_TEST] : Netif initialization done[0m
[0;32mI (445) [COMMUNICATION_TEST] : Structure configured[0m
[0;32mI (445) pp: pp rom version: e7ae62f[0m
[0;32mI (455) net80211: net80211 rom version: e7ae62f[0m
I (465) wifi:wifi driver task: 3fca968c, prio:23, stack:6656, core=0
I (805) wifi:wifi firmware version: f2b9bda51
I (805) wifi:wifi certification version: v7.0
I (805) wifi:config NVS flash: enabled
I (805) wifi:config nano formating: disabled
I (805) wifi:Init data frame dynamic rx buffer num: 32
I (815) wifi:Init static rx mgmt buffer num: 5
I (815) wifi:Init management short buffer num: 32
I (815) wifi:Init dynamic tx buffer num: 32
I (825) wifi:Init static tx FG buffer num: 2
I (825) wifi:Init static rx buffer size: 1600
I (835) wifi:Init static rx buffer num: 10
I (835) wifi:Init dynamic rx buffer num: 32
[0;32mI (835) wifi_init: rx ba win: 6[0m
[0;32mI (845) wifi_init: accept mbox: 6[0m
[0;32mI (845) wifi_init: tcpip mbox: 32[0m
[0;32mI (855) wifi_init: udp mbox: 6[0m
[0;32mI (855) wifi_init: tcp mbox: 6[0m
[0;32mI (855) wifi_init: tcp tx win: 5760[0m
[0;32mI (865) wifi_init: tcp rx win: 5760[0m
[0;32mI (865) wifi_init: tcp mss: 1440[0m
[0;32mI (865) wifi_init: WiFi IRAM OP enabled[0m
[0;32mI (875) wifi_init: WiFi RX IRAM OP enabled[0m
[0;32mI (895) [COMMUNICATION_TEST] : MAC address : f4:12:fa:9f:f4:70
[0m
[0;32mI (895) [COMMUNICATION_TEST] : Wifi configuration completed[0m
[0;32mI (895) [COMMUNICATION_TEST] : ESP-NOW configuration started...[0m
I (905) ESPNOW: espnow [version: 1.0] init
[0;32mI (905) [COMMUNICATION_TEST] : ESP-NOW configuration completed[0m
[0;32mI (915) [COMMUNICATION_TEST] : MAC peering configuration started...[0m
[0;32mI (925) [COMMUNICATION_TEST] : completed[0m
Connected to: <INSERT HERE AP NAME>
