ESP-ROM:esp32s3-20210327
Build:Mar 27 2021
rst:0x1 (POWERON),boot:0x8 (SPI_FAST_FLASH_BOOT)
SPIWP:0xee
mode:DIO, clock div:1
load:0x3fce2810,len:0x178c
load:0x403c8700,len:0x4
load:0x403c8704,len:0xcb8
load:0x403cb700,len:0x2d9c
entry 0x403c8914
[0;32mI (27) boot: ESP-IDF v5.3-dev-2265-gfdb7a43752 2nd stage bootloader[0m
[0;32mI (27) boot: compile time Apr 27 2024 18:52:33[0m
[0;32mI (27) boot: Multicore bootloader[0m
[0;32mI (32) boot: chip revision: v0.1[0m
[0;32mI (35) boot.esp32s3: Boot SPI Speed : 80MHz[0m
[0;32mI (40) boot.esp32s3: SPI Mode       : DIO[0m
[0;32mI (45) boot.esp32s3: SPI Flash Size : 2MB[0m
[0;32mI (50) boot: Enabling RNG early entropy source...[0m
[0;32mI (55) boot: Partition Table:[0m
[0;32mI (59) boot: ## Label            Usage          Type ST Offset   Length[0m
[0;32mI (66) boot:  0 nvs              WiFi data        01 02 00009000 00006000[0m
[0;32mI (73) boot:  1 phy_init         RF data          01 01 0000f000 00001000[0m
[0;32mI (81) boot:  2 factory          factory app      00 00 00010000 00100000[0m
[0;32mI (88) boot: End of partition table[0m
[0;32mI (92) esp_image: segment 0: paddr=00010020 vaddr=3c070020 size=1d920h (121120) map[0m
[0;32mI (123) esp_image: segment 1: paddr=0002d948 vaddr=3fc97b00 size=026d0h (  9936) load[0m
[0;32mI (125) esp_image: segment 2: paddr=00030020 vaddr=42000020 size=681c0h (426432) map[0m
[0;32mI (205) esp_image: segment 3: paddr=000981e8 vaddr=3fc9a1d0 size=01fb4h (  8116) load[0m
[0;32mI (207) esp_image: segment 4: paddr=0009a1a4 vaddr=40374000 size=13a34h ( 80436) load[0m
[0;32mI (236) boot: Loaded app from partition at offset 0x10000[0m
[0;32mI (236) boot: Disabling RNG early entropy source...[0m
[0;32mI (248) cpu_start: Multicore app[0m
[0;32mI (258) cpu_start: Pro cpu start user code[0m
[0;32mI (258) cpu_start: cpu freq: 160000000 Hz[0m
[0;32mI (258) app_init: Application information:[0m
[0;32mI (261) app_init: Project name:     communications[0m
[0;32mI (266) app_init: App version:      21d9c63-dirty[0m
[0;32mI (272) app_init: Compile time:     Apr 27 2024 18:52:29[0m
[0;32mI (278) app_init: ELF file SHA256:  61caa801c...[0m
[0;32mI (283) app_init: ESP-IDF:          v5.3-dev-2265-gfdb7a43752[0m
[0;32mI (289) app_init: Min chip rev:     v0.0[0m
[0;32mI (294) app_init: Max chip rev:     v0.99 [0m
[0;32mI (299) app_init: Chip rev:         v0.1[0m
[0;32mI (303) heap_init: Initializing. RAM available for dynamic allocation:[0m
[0;32mI (311) heap_init: At 3FC9F228 len 0004A4E8 (297 KiB): RAM[0m
[0;32mI (317) heap_init: At 3FCE9710 len 00005724 (21 KiB): RAM[0m
[0;32mI (323) heap_init: At 3FCF0000 len 00008000 (32 KiB): DRAM[0m
[0;32mI (329) heap_init: At 600FE010 len 00001FD8 (7 KiB): RTCRAM[0m
[0;32mI (336) spi_flash: detected chip: gd[0m
[0;32mI (340) spi_flash: flash io: dio[0m
[0;33mW (343) spi_flash: Detected size(8192k) larger than the size in the binary image header(2048k). Using the size in the binary image header.[0m
[0;32mI (357) sleep: Configure to isolate all GPIO pins in sleep state[0m
[0;32mI (364) sleep: Enable automatic switching of GPIO sleep configuration[0m
[0;32mI (371) main_task: Started on CPU0[0m
[0;32mI (391) main_task: Calling app_main()[0m
[0;32mI (391) pp: pp rom version: e7ae62f[0m
[0;32mI (391) net80211: net80211 rom version: e7ae62f[0m
W (391) wifi:wifi osi_nvs_open fail ret=4353

[0;33mW (401) wifi_init: Failed to unregister Rx callbacks[0m
[0;31mE (401) wifi_init: Failed to deinit Wi-Fi driver (0x3001)[0m
[0;31mE (411) wifi_init: Failed to deinit Wi-Fi (0x3001)[0m
[0;32mI (411) communications test: It should be connected![0m
[0;32mI (10421) communications test: It should be connected![0m
[0;32mI (20421) communications test: It should be connected![0m
[0;32mI (30421) communications test: It should be connected![0m
