ESP-ROM:esp32s3-20210327
Build:Mar 27 2021
rst:0x1 (POWERON),boot:0x8 (SPI_FAST_FLASH_BOOT)
SPIWP:0xee
mode:DIO, clock div:1
load:0x3fce2810,len:0x178c
load:0x403c8700,len:0x4
load:0x403c8704,len:0xcb8
load:0x403cb700,len:0x2d9c
entry 0x403c8914
[0;32mI (27) boot: ESP-IDF v5.3-dev-2265-gfdb7a43752 2nd stage bootloader[0m
[0;32mI (27) boot: compile time Apr 27 2024 18:52:33[0m
[0;32mI (27) boot: Multicore bootloader[0m
[0;32mI (32) boot: chip revision: v0.1[0m
[0;32mI (35) boot.esp32s3: Boot SPI Speed : 80MHz[0m
[0;32mI (40) boot.esp32s3: SPI Mode       : DIO[0m
[0;32mI (45) boot.esp32s3: SPI Flash Size : 2MB[0m
[0;32mI (50) boot: Enabling RNG early entropy source...[0m
[0;32mI (55) boot: Partition Table:[0m
[0;32mI (59) boot: ## Label            Usage          Type ST Offset   Length[0m
[0;32mI (66) boot:  0 nvs              WiFi data        01 02 00009000 00006000[0m
[0;32mI (73) boot:  1 phy_init         RF data          01 01 0000f000 00001000[0m
[0;32mI (81) boot:  2 factory          factory app      00 00 00010000 00100000[0m
[0;32mI (88) boot: End of partition table[0m
[0;32mI (92) esp_image: segment 0: paddr=00010020 vaddr=3c080020 size=2185ch (137308) map[0m
[0;32mI (126) esp_image: segment 1: paddr=00031884 vaddr=3fc98300 size=0475ch ( 18268) load[0m
[0;32mI (130) esp_image: segment 2: paddr=00035fe8 vaddr=40374000 size=0a030h ( 41008) load[0m
[0;32mI (140) esp_image: segment 3: paddr=00040020 vaddr=42000020 size=7c278h (508536) map[0m
[0;32mI (232) esp_image: segment 4: paddr=000bc2a0 vaddr=4037e030 size=0a284h ( 41604) load[0m
[0;32mI (250) boot: Loaded app from partition at offset 0x10000[0m
[0;32mI (250) boot: Disabling RNG early entropy source...[0m
[0;32mI (261) cpu_start: Multicore app[0m
[0;32mI (271) cpu_start: Pro cpu start user code[0m
[0;32mI (271) cpu_start: cpu freq: 160000000 Hz[0m
[0;32mI (271) app_init: Application information:[0m
[0;32mI (274) app_init: Project name:     communications[0m
[0;32mI (280) app_init: App version:      21d9c63-dirty[0m
[0;32mI (285) app_init: Compile time:     Apr 27 2024 18:52:29[0m
[0;32mI (291) app_init: ELF file SHA256:  7274e49a6...[0m
[0;32mI (296) app_init: ESP-IDF:          v5.3-dev-2265-gfdb7a43752[0m
[0;32mI (303) app_init: Min chip rev:     v0.0[0m
[0;32mI (307) app_init: Max chip rev:     v0.99 [0m
[0;32mI (312) app_init: Chip rev:         v0.1[0m
[0;32mI (317) heap_init: Initializing. RAM available for dynamic allocation:[0m
[0;32mI (324) heap_init: At 3FCA0648 len 000490C8 (292 KiB): RAM[0m
[0;32mI (330) heap_init: At 3FCE9710 len 00005724 (21 KiB): RAM[0m
[0;32mI (336) heap_init: At 3FCF0000 len 00008000 (32 KiB): DRAM[0m
[0;32mI (342) heap_init: At 600FE010 len 00001FD8 (7 KiB): RTCRAM[0m
[0;32mI (350) spi_flash: detected chip: gd[0m
[0;32mI (353) spi_flash: flash io: dio[0m
[0;33mW (357) spi_flash: Detected size(8192k) larger than the size in the binary image header(2048k). Using the size in the binary image header.[0m
[0;32mI (370) sleep: Configure to isolate all GPIO pins in sleep state[0m
[0;32mI (377) sleep: Enable automatic switching of GPIO sleep configuration[0m
[0;32mI (384) main_task: Started on CPU0[0m
[0;32mI (404) main_task: Calling app_main()[0m
Wifi config...Before init_conf
After init_conf
[0;32mI (444) pp: pp rom version: e7ae62f[0m
[0;32mI (444) net80211: net80211 rom version: e7ae62f[0m
I (454) wifi:wifi driver task: 3fcaa60c, prio:23, stack:6656, core=0
I (784) wifi:wifi firmware version: f2b9bda51
I (784) wifi:wifi certification version: v7.0
I (784) wifi:config NVS flash: enabled
I (784) wifi:config nano formating: disabled
I (794) wifi:Init data frame dynamic rx buffer num: 32
I (794) wifi:Init static rx mgmt buffer num: 5
I (804) wifi:Init management short buffer num: 32
I (804) wifi:Init dynamic tx buffer num: 32
I (814) wifi:Init static tx FG buffer num: 2
I (814) wifi:Init static rx buffer size: 1600
I (814) wifi:Init static rx buffer num: 10
I (824) wifi:Init dynamic rx buffer num: 32
[0;32mI (824) wifi_init: rx ba win: 6[0m
[0;32mI (834) wifi_init: accept mbox: 6[0m
[0;32mI (834) wifi_init: tcpip mbox: 32[0m
[0;32mI (834) wifi_init: udp mbox: 6[0m
[0;32mI (844) wifi_init: tcp mbox: 6[0m
[0;32mI (844) wifi_init: tcp tx win: 5760[0m
[0;32mI (844) wifi_init: tcp rx win: 5760[0m
[0;32mI (854) wifi_init: tcp mss: 1440[0m
[0;32mI (854) wifi_init: WiFi IRAM OP enabled[0m
[0;32mI (864) wifi_init: WiFi RX IRAM OP enabled[0m
After event handler
[0;32mI (884) phy_init: phy_version 640,cd64a1a,Jan 24 2024,17:28:12[0m
I (944) wifi:mode : sta (f4:12:fa:9f:f4:70)
I (944) wifi:enable tsf
id: 40 - base : WIFI_EVENT
id: 2 - base : WIFI_EVENT
 done
