0;32mI (289) cpu_staï¿½ESP-ROM:esp32s3-20210327
Build:Mar 27 2021
rst:0x1 (POWERON),boot:0x8 (SPI_FAST_FLASH_BOOT)
SPIWP:0xee
mode:DIO, clock div:1
load:0x3fce3810,len:0x178c
load:0x403c9700,len:0x4
load:0x403c9704,len:0xcbc
load:0x403cc700,len:0x2da0
entry 0x403c9914
[0;32mI (27) boot: ESP-IDF v5.2.1-dirty 2nd stage bootloader[0m
[0;32mI (27) boot: compile time Apr 30 2024 08:10:44[0m
[0;32mI (27) boot: Multicore bootloader[0m
[0;32mI (30) boot: chip revision: v0.2[0m
[0;32mI (34) boot.esp32s3: Boot SPI Speed : 80MHz[0m
[0;32mI (39) boot.esp32s3: SPI Mode       : DIO[0m
[0;32mI (44) boot.esp32s3: SPI Flash Size : 2MB[0m
[0;32mI (48) boot: Enabling RNG early entropy source...[0m
[0;32mI (54) boot: Partition Table:[0m
[0;32mI (57) boot: ## Label            Usage          Type ST Offset   Length[0m
[0;32mI (65) boot:  0 nvs              WiFi data        01 02 00009000 00006000[0m
[0;32mI (72) boot:  1 phy_init         RF data          01 01 0000f000 00001000[0m
[0;32mI (80) boot:  2 factory          factory app      00 00 00010000 00100000[0m
[0;32mI (87) boot: End of partition table[0m
[0;32mI (91) esp_image: segment 0: paddr=00010020 vaddr=3c080020 size=21cc8h (138440) map[0m
[0;32mI (125) esp_image: segment 1: paddr=00031cf0 vaddr=3fc97e00 size=04630h ( 17968) load[0m
[0;32mI (129) esp_image: segment 2: paddr=00036328 vaddr=40374000 size=09cf0h ( 40176) load[0m
[0;32mI (139) esp_image: segment 3: paddr=00040020 vaddr=42000020 size=7b8a4h (506020) map[0m
[0;32mI (230) esp_image: segment 4: paddr=000bb8cc vaddr=4037dcf0 size=0a0e8h ( 41192) load[0m
[0;32mI (248) boot: Loaded app from partition at offset 0x10000[0m
[0;32mI (248) boot: Disabling RNG early entropy source...[0m
[0;32mI (259) cpu_start: Multicore app[0m
[0;32mI (269) cpu_start: Pro cpu start user code[0m
[0;32mI (269) cpu_start: cpu freq: 160000000 Hz[0m
[0;32mI (269) cpu_start: Application information:[0m
[0;32mI (272) cpu_start: Project name:     communications[0m
[0;32mI (278) cpu_start: App version:      b7a026f-dirty[0m
[0;32mI (283) cpu_start: Compile time:     Apr 30 2024 08:10:36[0m
[0;32mI (289) cpu_start: ELF file SHA256:  445c4d7e8...[0m
[0;32mI (295) cpu_start: ESP-IDF:          v5.2.1-dirty[0m
[0;32mI (300) cpu_start: Min chip rev:     v0.0[0m
[0;32mI (305) cpu_start: Max chip rev:     v0.99 [0m
[0;32mI (310) cpu_start: Chip rev:         v0.2[0m
[0;32mI (314) heap_init: Initializing. RAM available for dynamic allocation:[0m
[0;32mI (322) heap_init: At 3FCA0070 len 000496A0 (293 KiB): RAM[0m
[0;32mI (328) heap_init: At 3FCE9710 len 00005724 (21 KiB): RAM[0m
[0;32mI (334) heap_init: At 3FCF0000 len 00008000 (32 KiB): DRAM[0m
[0;32mI (340) heap_init: At 600FE010 len 00001FD8 (7 KiB): RTCRAM[0m
[0;32mI (347) spi_flash: detected chip: gd[0m
[0;32mI (350) spi_flash: flash io: dio[0m
[0;33mW (354) spi_flash: Detected size(8192k) larger than the size in the binary image header(2048k). Using the size in the binary image header.[0m
[0;32mI (368) sleep: Configure to isolate all GPIO pins in sleep state[0m
[0;32mI (374) sleep: Enable automatic switching of GPIO sleep configuration[0m
[0;32mI (382) main_task: Started on CPU0[0m
[0;32mI (392) main_task: Calling app_main()[0m
[0;32mI (412) [COMMUNICATION_TEST] : Starting wifi configuration...[0m
[0;32mI (422) [COMMUNICATION_TEST] : Netif initialization done[0m
[0;32mI (422) [COMMUNICATION_TEST] : Structure configured[0m
[0;32mI (422) pp: pp rom version: e7ae62f[0m
[0;32mI (432) net80211: net80211 rom version: e7ae62f[0m
I (442) wifi:wifi driver task: 3fca910c, prio:23, stack:6656, core=0
I (452) wifi:wifi firmware version: a9f5b59
I (452) wifi:wifi certification version: v7.0
I (452) wifi:config NVS flash: enabled
I (452) wifi:config nano formating: disabled
I (462) wifi:Init data frame dynamic rx buffer num: 32
I (462) wifi:Init static rx mgmt buffer num: 5
I (472) wifi:Init management short buffer num: 32
I (472) wifi:Init dynamic tx buffer num: 32
I (472) wifi:Init static tx FG buffer num: 2
I (482) wifi:Init static rx buffer size: 1600
I (482) wifi:Init static rx buffer num: 10
I (492) wifi:Init dynamic rx buffer num: 32
[0;32mI (492) wifi_init: rx ba win: 6[0m
[0;32mI (492) wifi_init: tcpip mbox: 32[0m
[0;32mI (502) wifi_init: udp mbox: 6[0m
[0;32mI (502) wifi_init: tcp mbox: 6[0m
[0;32mI (502) wifi_init: tcp tx win: 5760[0m
[0;32mI (512) wifi_init: tcp rx win: 5760[0m
[0;32mI (512) wifi_init: tcp mss: 1440[0m
[0;32mI (522) wifi_init: WiFi IRAM OP enabled[0m
[0;32mI (522) wifi_init: WiFi RX IRAM OP enabled[0m
[0;32mI (532) [COMMUNICATION_TEST] : MAC address : 48:27:e2:e1:e0:f8
[0m
[0;32mI (532) [COMMUNICATION_TEST] : Wifi configuration completed[0m
[0;32mI (542) [COMMUNICATION_TEST] : ESP-NOW configuration started...[0m
I (552) ESPNOW: espnow [version: 1.0] init
[0;32mI (552) [COMMUNICATION_TEST] : ESP-NOW configuration completed[0m
[0;32mI (562) [COMMUNICATION_TEST] : MAC peering configuration started...[0m
[0;32mI (562) [COMMUNICATION_TEST] : completed[0m
	Waiting 10s... done
