2mI (295) sleeï¿½ESP-ROM:esp32s3-20210327
Build:Mar 27 2021
rst:0x1 (POWERON),boot:0x8 (SPI_FAST_FLASH_BOOT)
SPIWP:0xee
mode:DIO, clock div:1
load:0x3fce2810,len:0x178c
load:0x403c8700,len:0x4
load:0x403c8704,len:0xcb8
load:0x403cb700,len:0x2d9c
entry 0x403c8914
[0;32mI (27) boot: ESP-IDF v5.3-dev-2265-gfdb7a43752 2nd stage bootloader[0m
[0;32mI (27) boot: compile time Apr 24 2024 06:43:10[0m
[0;32mI (27) boot: Multicore bootloader[0m
[0;32mI (32) boot: chip revision: v0.1[0m
[0;32mI (35) boot.esp32s3: Boot SPI Speed : 80MHz[0m
[0;32mI (40) boot.esp32s3: SPI Mode       : DIO[0m
[0;32mI (45) boot.esp32s3: SPI Flash Size : 2MB[0m
[0;32mI (50) boot: Enabling RNG early entropy source...[0m
[0;32mI (55) boot: Partition Table:[0m
[0;32mI (59) boot: ## Label            Usage          Type ST Offset   Length[0m
[0;32mI (66) boot:  0 nvs              WiFi data        01 02 00009000 00006000[0m
[0;32mI (73) boot:  1 phy_init         RF data          01 01 0000f000 00001000[0m
[0;32mI (81) boot:  2 factory          factory app      00 00 00010000 00100000[0m
[0;32mI (88) boot: End of partition table[0m
[0;32mI (92) esp_image: segment 0: paddr=00010020 vaddr=3c020020 size=0dadch ( 56028) map[0m
[0;32mI (111) esp_image: segment 1: paddr=0001db04 vaddr=3fc91a00 size=02514h (  9492) load[0m
[0;32mI (113) esp_image: segment 2: paddr=00020020 vaddr=42000020 size=1a4a0h (107680) map[0m
[0;32mI (137) esp_image: segment 3: paddr=0003a4c8 vaddr=3fc93f14 size=004a0h (  1184) load[0m
[0;32mI (138) esp_image: segment 4: paddr=0003a970 vaddr=40374000 size=0d900h ( 55552) load[0m
[0;32mI (161) boot: Loaded app from partition at offset 0x10000[0m
[0;32mI (161) boot: Disabling RNG early entropy source...[0m
[0;32mI (172) cpu_start: Multicore app[0m
[0;32mI (182) cpu_start: Pro cpu start user code[0m
[0;32mI (182) cpu_start: cpu freq: 160000000 Hz[0m
[0;32mI (182) app_init: Application information:[0m
[0;32mI (185) app_init: Project name:     air[0m
[0;32mI (190) app_init: App version:      f42083f-dirty[0m
[0;32mI (195) app_init: Compile time:     Apr 24 2024 12:53:29[0m
[0;32mI (201) app_init: ELF file SHA256:  b49039323...[0m
[0;32mI (206) app_init: ESP-IDF:          v5.3-dev-2265-gfdb7a43752[0m
[0;32mI (213) app_init: Min chip rev:     v0.0[0m
[0;32mI (217) app_init: Max chip rev:     v0.99 [0m
[0;32mI (222) app_init: Chip rev:         v0.1[0m
[0;32mI (227) heap_init: Initializing. RAM available for dynamic allocation:[0m
[0;32mI (234) heap_init: At 3FC94CE0 len 00054A30 (338 KiB): RAM[0m
[0;32mI (240) heap_init: At 3FCE9710 len 00005724 (21 KiB): RAM[0m
[0;32mI (246) heap_init: At 3FCF0000 len 00008000 (32 KiB): DRAM[0m
[0;32mI (252) heap_init: At 600FE010 len 00001FD8 (7 KiB): RTCRAM[0m
[0;32mI (259) spi_flash: detected chip: gd[0m
[0;32mI (263) spi_flash: flash io: dio[0m
[0;33mW (267) spi_flash: Detected size(8192k) larger than the size in the binary image header(2048k). Using the size in the binary image header.[0m
[0;33mW (280) ADC: legacy driver is deprecated, please migrate to `esp_adc/adc_oneshot.h`[0m
[0;32mI (288) sleep: Configure to isolate all GPIO pins in sleep state[0m
[0;32mI (295) sleep: Enable automatic switching of GPIO sleep configuration[0m
[0;32mI (302) main_task: Started on CPU0[0m
[0;32mI (312) main_task: Calling app_main()[0m
1625mV
1514mV
1514mV
1508mV
1512mV
1523mV
1512mV
1521mV
1521mV
1511mV
1534mV
1528mV
1521mV
1527mV
1580mV
1492mV
361mV
2243mV
2130mV
2192mV
2204mV
0mV
359mV
354mV
353mV
351mV
2209mV
2247mV
2222mV
2226mV
2220mV
2240mV
3067mV
1524mV
361mV
351mV
1533mV
1521mV
1516mV
1516mV
1521mV
1523mV
1514mV
360mV
2242mV
2233mV
2231mV
2217mV
2217mV
2257mV
2303mV
2302mV
2266mV
2247mV
2178mV
2217mV
2204mV
2251mV
2225mV
2195mV
2238mV
2226mV
2243mV
2233mV
2218mV
2233mV
2225mV
2301mV
