ins in sleep state[0mï¿½ESP-ROM:esp32s3-20210327
Build:Mar 27 2021
rst:0x1 (POWERON),boot:0xa (SPI_FAST_FLASH_BOOT)
SPIWP:0xee
mode:DIO, clock div:1
load:0x3fce2810,len:0x178c
load:0x403c8700,len:0x4
load:0x403c8704,len:0xcb8
load:0x403cb700,len:0x2d9c
entry 0x403c8914
[0;32mI (27) boot: ESP-IDF v5.3-dev-2265-gfdb7a43752 2nd stage bootloader[0m
[0;32mI (27) boot: compile time Apr 24 2024 06:43:10[0m
[0;32mI (27) boot: Multicore bootloader[0m
[0;32mI (32) boot: chip revision: v0.1[0m
[0;32mI (35) boot.esp32s3: Boot SPI Speed : 80MHz[0m
[0;32mI (40) boot.esp32s3: SPI Mode       : DIO[0m
[0;32mI (45) boot.esp32s3: SPI Flash Size : 2MB[0m
[0;32mI (50) boot: Enabling RNG early entropy source...[0m
[0;32mI (55) boot: Partition Table:[0m
[0;32mI (59) boot: ## Label            Usage          Type ST Offset   Length[0m
[0;32mI (66) boot:  0 nvs              WiFi data        01 02 00009000 00006000[0m
[0;32mI (73) boot:  1 phy_init         RF data          01 01 0000f000 00001000[0m
[0;32mI (81) boot:  2 factory          factory app      00 00 00010000 00100000[0m
[0;32mI (88) boot: End of partition table[0m
[0;32mI (92) esp_image: segment 0: paddr=00010020 vaddr=3c020020 size=0dadch ( 56028) map[0m
[0;32mI (111) esp_image: segment 1: paddr=0001db04 vaddr=3fc91a00 size=02514h (  9492) load[0m
[0;32mI (113) esp_image: segment 2: paddr=00020020 vaddr=42000020 size=1a4a0h (107680) map[0m
[0;32mI (137) esp_image: segment 3: paddr=0003a4c8 vaddr=3fc93f14 size=004a0h (  1184) load[0m
[0;32mI (138) esp_image: segment 4: paddr=0003a970 vaddr=40374000 size=0d900h ( 55552) load[0m
[0;32mI (161) boot: Loaded app from partition at offset 0x10000[0m
[0;32mI (161) boot: Disabling RNG early entropy source...[0m
[0;32mI (172) cpu_start: Multicore app[0m
[0;32mI (182) cpu_start: Pro cpu start user code[0m
[0;32mI (182) cpu_start: cpu freq: 160000000 Hz[0m
[0;32mI (182) app_init: Application information:[0m
[0;32mI (185) app_init: Project name:     air[0m
[0;32mI (190) app_init: App version:      f42083f-dirty[0m
[0;32mI (195) app_init: Compile time:     Apr 24 2024 12:53:29[0m
[0;32mI (201) app_init: ELF file SHA256:  b49039323...[0m
[0;32mI (206) app_init: ESP-IDF:          v5.3-dev-2265-gfdb7a43752[0m
[0;32mI (213) app_init: Min chip rev:     v0.0[0m
[0;32mI (217) app_init: Max chip rev:     v0.99 [0m
[0;32mI (222) app_init: Chip rev:         v0.1[0m
[0;32mI (227) heap_init: Initializing. RAM available for dynamic allocation:[0m
[0;32mI (234) heap_init: At 3FC94CE0 len 00054A30 (338 KiB): RAM[0m
[0;32mI (240) heap_init: At 3FCE9710 len 00005724 (21 KiB): RAM[0m
[0;32mI (246) heap_init: At 3FCF0000 len 00008000 (32 KiB): DRAM[0m
[0;32mI (252) heap_init: At 600FE010 len 00001FD8 (7 KiB): RTCRAM[0m
[0;32mI (259) spi_flash: detected chip: gd[0m
[0;32mI (263) spi_flash: flash io: dio[0m
[0;33mW (267) spi_flash: Detected size(8192k) larger than the size in the binary image header(2048k). Using the size in the binary image header.[0m
[0;33mW (280) ADC: legacy driver is deprecated, please migrate to `esp_adc/adc_oneshot.h`[0m
[0;32mI (288) sleep: Configure to isolate all GPIO pins in sleep state[0m
[0;32mI (295) sleep: Enable automatic switching of GPIO sleep configuration[0m
[0;32mI (302) main_task: Started on CPU0[0m
[0;32mI (312) main_task: Calling app_main()[0m
2639mV
2217mV
2225mV
2213mV
2271mV
2238mV
2247mV
2233mV
2186mV
2244mV
2192mV
2231mV
2230mV
2293mV
2229mV
2229mV
2191mV
2263mV
2226mV
2254mV
2225mV
2195mV
2253mV
2225mV
2178mV
2233mV
2195mV
2220mV
2195mV
2229mV
2254mV
2217mV
2251mV
2269mV
2217mV
2222mV
2221mV
2220mV
2238mV
2155mV
2221mV
2281mV
2200mV
2213mV
2238mV
2222mV
2209mV
2162mV
2188mV
2210mV
2221mV
2134mV
2280mV
2246mV
2240mV
2171mV
2217mV
2228mV
2222mV
2231mV
2238mV
2159mV
2268mV
2207mV
2308mV
2301mV
2230mV
2278mV
2233mV
2210mV
2242mV
2220mV
2204mV
2184mV
2238mV
2186mV
2309mV
2263mV
2178mV
2207mV
2266mV
2233mV
2230mV
2184mV
2207mV
2266mV
2238mV
2320mV
2266mV
2204mV
2263mV
2192mV
2174mV
2204mV
2258mV
2195mV
2280mV
2258mV
2217mV
2210mV
2266mV
2242mV
2155mV
2192mV
2230mV
2328mV
2133mV
2225mV
2284mV
2278mV
2263mV
2263mV
2247mV
2194mV
2231mV
2254mV
2242mV
2207mV
2251mV
2222mV
2230mV
2229mV
2238mV
2197mV
2243mV
2197mV
2244mV
2225mV
2205mV
2205mV
2238mV
2119mV
2192mV
2220mV
2167mV
2233mV
2267mV
2278mV
2217mV
2253mV
2230mV
2243mV
2128mV
2210mV
2233mV
2217mV
2238mV
2161mV
2253mV
2221mV
2306mV
2233mV
2190mV
2243mV
2230mV
2255mV
2263mV
2253mV
2233mV
2172mV
2167mV
2113mV
2277mV
2222mV
2180mV
2184mV
2266mV
2233mV
2217mV
2258mV
2206mV
2225mV
2174mV
2280mV
2142mV
2243mV
2183mV
2226mV
2226mV
2311mV
2280mV
2240mV
2209mV
2302mV
2229mV
2251mV
2266mV
2255mV
2221mV
2226mV
2180mV
2293mV
2238mV
2268mV
2220mV
2224mV
2268mV
2210mV
2221mV
2233mV
2226mV
2240mV
2251mV
2192mV
2217mV
2255mV
2254mV
2263mV
2233mV
2170mV
2167mV
2222mV
2217mV
2217mV
2290mV
2207mV
2233mV
2204mV
2263mV
2209mV
2251mV
2269mV
2229mV
2194mV
2220mV
2183mV
2230mV
2229mV
2220mV
2204mV
2230mV
2238mV
2243mV
2267mV
2217mV
2197mV
2176mV
2339mV
2204mV
2160mV
2242mV
2231mV
2253mV
2231mV
2207mV
2243mV
2172mV
2337mV
2174mV
2192mV
2230mV
2243mV
2080mV
2184mV
2247mV
2058mV
2209mV
2213mV
2220mV
2209mV
2269mV
2222mV
2172mV
2231mV
2207mV
2221mV
2164mV
2179mV
2255mV
2217mV
2314mV
2164mV
2302mV
2233mV
2266mV
2243mV
2220mV
2303mV
2225mV
2186mV
2230mV
2215mV
2268mV
2206mV
2204mV
2218mV
2204mV
2278mV
2225mV
2275mV
2293mV
2268mV
2229mV
2247mV
2244mV
2143mV
2244mV
2261mV
2226mV
2240mV
2362mV
2253mV
2280mV
2180mV
2215mV
2192mV
2197mV
2253mV
2217mV
2268mV
2231mV
2221mV
2213mV
2191mV
2204mV
2160mV
2194mV
2207mV
2132mV
2259mV
2155mV
2226mV
2267mV
2253mV
2217mV
2213mV
2224mV
2280mV
2184mV
2267mV
2268mV
2204mV
2266mV
2133mV
2176mV
2183mV
2263mV
2217mV
2207mV
2215mV
2279mV
2302mV
2209mV
2128mV
2242mV
2238mV
2217mV
2253mV
2244mV
2130mV
2266mV
2280mV
2225mV
2263mV
2242mV
2213mV
2293mV
2204mV
2251mV
2287mV
2247mV
2260mV
2263mV
2215mV
2225mV
2263mV
2231mV
2244mV
2267mV
2139mV
2253mV
2226mV
2209mV
2247mV
2188mV
2214mV
2207mV
2230mV
2254mV
2210mV
2302mV
2226mV
2135mV
2167mV
2220mV
2192mV
2277mV
2244mV
2128mV
2197mV
2204mV
2184mV
2244mV
2178mV
2306mV
2204mV
2230mV
2266mV
2215mV
2184mV
2255mV
2224mV
2192mV
2192mV
2288mV
2192mV
2172mV
2161mV
2186mV
2156mV
2144mV
2233mV
2160mV
2192mV
2168mV
2222mV
2288mV
2275mV
2244mV
2207mV
2233mV
2155mV
2209mV
2253mV
2302mV
2226mV
2246mV
2278mV
2296mV
2180mV
2215mV
2254mV
2266mV
2229mV
2135mV
2280mV
2267mV
2268mV
2243mV
2269mV
2176mV
2195mV
2220mV
2254mV
2238mV
2229mV
2240mV
2184mV
2268mV
2170mV
2229mV
2272mV
2242mV
2280mV
2226mV
2238mV
2245mV
2293mV
2240mV
2213mV
2217mV
2240mV
2145mV
2190mV
2252mV
2194mV
2188mV
2213mV
2195mV
2188mV
2158mV
2222mV
2225mV
2233mV
2161mV
2254mV
2220mV
2238mV
2204mV
2272mV
2233mV
2205mV
2244mV
2246mV
2212mV
2254mV
2253mV
2230mV
2224mV
2238mV
2233mV
2204mV
2253mV
2225mV
2266mV
2210mV
2164mV
2229mV
2242mV
2086mV
2172mV
2244mV
2218mV
2287mV
2195mV
2238mV
2207mV
2229mV
2178mV
2272mV
2225mV
2221mV
2106mV
2218mV
2222mV
2192mV
2238mV
2217mV
2225mV
2192mV
2176mV
2207mV
2184mV
2277mV
2257mV
2225mV
2174mV
2325mV
2268mV
2197mV
2243mV
2188mV
2252mV
2226mV
2192mV
2168mV
2247mV
2180mV
2303mV
2159mV
2214mV
2279mV
2209mV
2205mV
2188mV
2192mV
2275mV
2240mV
2204mV
2146mV
2340mV
2252mV
2306mV
2255mV
2217mV
2174mV
2263mV
2209mV
2171mV
2142mV
2206mV
2279mV
2164mV
2266mV
2217mV
2267mV
2303mV
2318mV
2277mV
2217mV
2136mV
2233mV
2194mV
2155mV
2116mV
2243mV
2230mV
2293mV
2161mV
2269mV
2188mV
2186mV
2205mV
2207mV
2243mV
2293mV
2217mV
2176mV
2233mV
2213mV
2221mV
2266mV
2207mV
2225mV
2263mV
2253mV
2230mV
2226mV
2263mV
2217mV
2213mV
2192mV
2215mV
2184mV
2228mV
2178mV
2209mV
2238mV
2253mV
2217mV
2186mV
2275mV
2233mV
2287mV
2344mV
2207mV
2222mV
2207mV
2273mV
2229mV
2222mV
2258mV
2226mV
2111mV
2275mV
2213mV
2215mV
2245mV
2205mV
2222mV
2233mV
2280mV
2142mV
2174mV
2238mV
2188mV
2224mV
2217mV
2278mV
2222mV
2226mV
2217mV
2213mV
2155mV
2220mV
2222mV
2204mV
2243mV
2192mV
2178mV
2222mV
2207mV
2215mV
2279mV
2255mV
2269mV
2263mV
2251mV
2214mV
2176mV
2217mV
2238mV
2279mV
2279mV
2190mV
2266mV
2314mV
2174mV
2263mV
2204mV
2229mV
2240mV
2246mV
2233mV
2272mV
2229mV
2221mV
2231mV
2231mV
2280mV
2217mV
2220mV
2184mV
2238mV
2148mV
2277mV
2293mV
2203mV
2222mV
2318mV
2113mV
2233mV
2171mV
2184mV
2195mV
2230mV
2280mV
2174mV
2319mV
2204mV
2209mV
2272mV
2180mV
2158mV
2238mV
2266mV
2301mV
2155mV
2186mV
2254mV
2222mV
2233mV
2220mV
2192mV
2210mV
2220mV
2281mV
2233mV
2188mV
2253mV
2213mV
2230mV
2226mV
2288mV
2136mV
2207mV
2240mV
2167mV
2159mV
2214mV
2217mV
2243mV
2145mV
2174mV
2213mV
2213mV
2233mV
2156mV
2184mV
2260mV
2204mV
2258mV
2263mV
2266mV
2337mV
2204mV
2194mV
2184mV
2247mV
2229mV
2275mV
2192mV
2303mV
2165mV
2267mV
2224mV
2212mV
2197mV
2255mV
2222mV
2220mV
2217mV
2287mV
2325mV
2244mV
2280mV
2167mV
2238mV
2206mV
2242mV
2257mV
2263mV
2281mV
2217mV
2161mV
2252mV
2205mV
2254mV
2254mV
2258mV
2214mV
2184mV
2281mV
2172mV
2220mV
2263mV
2171mV
2217mV
2180mV
2267mV
2215mV
2268mV
2190mV
2171mV
2225mV
2130mV
2158mV
2259mV
2231mV
2269mV
2243mV
2228mV
2266mV
2178mV
2244mV
2293mV
2263mV
2258mV
2220mV
2167mV
2195mV
2226mV
2225mV
2238mV
2217mV
2190mV
2209mV
2280mV
2221mV
2186mV
2204mV
2192mV
2233mV
2233mV
2203mV
2230mV
2221mV
2231mV
2186mV
2242mV
2176mV
2220mV
2244mV
2155mV
2131mV
2215mV
2280mV
2225mV
2217mV
2213mV
2253mV
2197mV
2212mV
2233mV
2253mV
2195mV
2174mV
2275mV
2245mV
2280mV
2217mV
2233mV
2197mV
2255mV
2275mV
2240mV
2158mV
2184mV
2238mV
2172mV
2204mV
2190mV
2192mV
2188mV
2279mV
2220mV
2238mV
2222mV
2212mV
2275mV
2206mV
2254mV
2220mV
2280mV
2263mV
2291mV
2170mV
2269mV
2155mV
2231mV
2303mV
2197mV
2240mV
2213mV
2192mV
2194mV
2195mV
2217mV
2247mV
2230mV
2258mV
2233mV
2268mV
2161mV
2263mV
2204mV
2242mV
2213mV
2233mV
2242mV
2174mV
2284mV
2267mV
2139mV
2340mV
2215mV
2275mV
2209mV
2172mV
2220mV
2229mV
2222mV
2221mV
2252mV
2190mV
2174mV
2213mV
2110mV
2225mV
2268mV
2083mV
2203mV
2306mV
2302mV
2242mV
2205mV
2267mV
2124mV
2217mV
