ï¿½2ï¿½dc0f[0m
ï¿½ESP-ROM:esp32s3-20210327
Build:Mar 27 2021
rst:0x1 (POWERON),boot:0x8 (SPI_FAST_FLASH_BOOT)
SPIWP:0xee
mode:DIO, clock div:1
load:0x3fce2810,len:0x178c
load:0x403c8700,len:0x4
load:0x403c8704,len:0xcb8
load:0x403cb700,len:0x2d9c
entry 0x403c8914
[0;32mI (27) boot: ESP-IDF v5.3-dev-2265-gfdb7a43752 2nd stage bootloader[0m
[0;32mI (27) boot: compile time Apr  5 2024 15:47:33[0m
[0;32mI (27) boot: Multicore bootloader[0m
[0;32mI (32) boot: chip revision: v0.1[0m
[0;32mI (35) boot.esp32s3: Boot SPI Speed : 80MHz[0m
[0;32mI (40) boot.esp32s3: SPI Mode       : DIO[0m
[0;32mI (45) boot.esp32s3: SPI Flash Size : 2MB[0m
[0;32mI (50) boot: Enabling RNG early entropy source...[0m
[0;32mI (55) boot: Partition Table:[0m
[0;32mI (59) boot: ## Label            Usage          Type ST Offset   Length[0m
[0;32mI (66) boot:  0 nvs              WiFi data        01 02 00009000 00006000[0m
[0;32mI (73) boot:  1 phy_init         RF data          01 01 0000f000 00001000[0m
[0;32mI (81) boot:  2 factory          factory app      00 00 00010000 00100000[0m
[0;32mI (88) boot: End of partition table[0m
[0;32mI (92) esp_image: segment 0: paddr=00010020 vaddr=3c020020 size=0cb94h ( 52116) map[0m
[0;32mI (110) esp_image: segment 1: paddr=0001cbbc vaddr=3fc91900 size=02914h ( 10516) load[0m
[0;32mI (113) esp_image: segment 2: paddr=0001f4d8 vaddr=40374000 size=00b40h (  2880) load[0m
[0;32mI (118) esp_image: segment 3: paddr=00020020 vaddr=42000020 size=184b0h ( 99504) map[0m
[0;32mI (144) esp_image: segment 4: paddr=000384d8 vaddr=40374b40 size=0cda0h ( 52640) load[0m
[0;32mI (161) boot: Loaded app from partition at offset 0x10000[0m
[0;32mI (162) boot: Disabling RNG early entropy source...[0m
[0;32mI (173) cpu_start: Multicore app[0m
[0;32mI (183) cpu_start: Pro cpu start user code[0m
[0;32mI (183) cpu_start: cpu freq: 160000000 Hz[0m
[0;32mI (183) app_init: Application information:[0m
[0;32mI (186) app_init: Project name:     air[0m
[0;32mI (190) app_init: App version:      3f6dc0f[0m
[0;32mI (195) app_init: Compile time:     Apr  5 2024 15:47:26[0m
[0;32mI (201) app_init: ELF file SHA256:  94984a366...[0m
[0;32mI (207) app_init: ESP-IDF:          v5.3-dev-2265-gfdb7a43752[0m
[0;32mI (213) app_init: Min chip rev:     v0.0[0m
[0;32mI (218) app_init: Max chip rev:     v0.99 [0m
[0;32mI (222) app_init: Chip rev:         v0.1[0m
[0;32mI (227) heap_init: Initializing. RAM available for dynamic allocation:[0m
[0;32mI (234) heap_init: At 3FC94AF0 len 00054C20 (339 KiB): RAM[0m
[0;32mI (240) heap_init: At 3FCE9710 len 00005724 (21 KiB): RAM[0m
[0;32mI (246) heap_init: At 3FCF0000 len 00008000 (32 KiB): DRAM[0m
[0;32mI (253) heap_init: At 600FE010 len 00001FD8 (7 KiB): RTCRAM[0m
[0;32mI (260) spi_flash: detected chip: gd[0m
[0;32mI (263) spi_flash: flash io: dio[0m
[0;33mW (267) spi_flash: Detected size(8192k) larger than the size in the binary image header(2048k). Using the size in the binary image header.[0m
[0;32mI (280) sleep: Configure to isolate all GPIO pins in sleep state[0m
[0;32mI (287) sleep: Enable automatic switching of GPIO sleep configuration[0m
[0;32mI (294) main_task: Started on CPU0[0m
[0;32mI (314) main_task: Calling app_main()[0m
[0;32mI (314) air: Hello from this new project![0m
[0;31mE (314) FreeRTOS: FreeRTOS Task "hello_world" should not return, Aborting now![0m

abort() was called at PC 0x4037a1ab on core 0


Backtrace: 0x4037595a:0x3fc99760 0x40379929:0x3fc99780 0x4037f881:0x3fc997a0 0x4037a1ab:0x3fc99810




ELF file SHA256: 94984a366

Rebooting...
ï¿½ï¿½ï¿½ESP-ROM:esp32s3-20210327
Build:Mar 27 2021
rst:0xc (RTC_SW_CPU_RST),boot:0x8 (SPI_FAST_FLASH_BOOT)
Saved PC:0x40375894
SPIWP:0xee
mode:DIO, clock div:1
load:0x3fce2810,len:0x178c
load:0x403c8700,len:0x4
load:0x403c8704,len:0xcb8
load:0x403cb700,len:0x2d9c
entry 0x403c8914
[0;32mI (31) boot: ESP-IDF v5.3-dev-2265-gfdb7a43752 2nd stage bootloader[0m
[0;32mI (31) boot: compile time Apr  5 2024 15:47:33[0m
[0;32mI (32) boot: Multicore bootloader[0m
[0;32mI (36) boot: chip revision: v0.1[0m
[0;32mI (40) boot.esp32s3: Boot SPI Speed : 80MHz[0m
[0;32mI (45) boot.esp32s3: SPI Mode       : DIO[0m
[0;32mI (49) boot.esp32s3: SPI Flash Size : 2MB[0m
[0;32mI (54) boot: Enabling RNG early entropy source...[0m
[0;32mI (59) boot: Partition Table:[0m
[0;32mI (63) boot: ## Label            Usage          Type ST Offset   Length[0m
[0;32mI (70) boot:  0 nvs              WiFi data        01 02 00009000 00006000[0m
[0;32mI (78) boot:  1 phy_init         RF data          01 01 0000f000 00001000[0m
[0;32mI (85) boot:  2 factory          factory app      00 00 00010000 00100000[0m
[0;32mI (93) boot: End of partition table[0m
[0;32mI (97) esp_image: segment 0: paddr=00010020 vaddr=3c020020 size=0cb94h ( 52116) map[0m
[0;32mI (115) esp_image: segment 1: paddr=0001cbbc vaddr=3fc91900 size=02914h ( 10516) load[0m
[0;32mI (117) esp_image: segment 2: paddr=0001f4d8 vaddr=40374000 size=00b40h (  2880) load[0m
[0;32mI (123) esp_image: segment 3: paddr=00020020 vaddr=42000020 size=184b0h ( 99504) map[0m
[0;32mI (149) esp_image: segment 4: paddr=000384d8 vaddr=40374b40 size=0cda0h ( 52640) load[0m
[0;32mI (166) boot: Loaded app from partition at offset 0x10000[0m
[0;32mI (166) boot: Disabling RNG early entropy source...[0m
[0;32mI (177) cpu_start: Multicore app[0m
[0;32mI (187) cpu_start: Pro cpu start user code[0m
[0;32mI (187) cpu_start: cpu freq: 160000000 Hz[0m
[0;32mI (188) app_init: Application information:[0m
[0;32mI (190) app_init: Project name:     air[0m
[0;32mI (195) app_init: App version:      3f6dc0f[0m
[0;32mI (200) app_init: Compile time:     Apr  5 2024 15:47:26[0m
[0;32mI (206) app_init: ELF file SHA256:  94984a366...[0m
[0;32mI (211) app_init: ESP-IDF:          v5.3-dev-2265-gfdb7a43752[0m
[0;32mI (217) app_init: Min chip rev:     v0.0[0m
[0;32mI (222) app_init: Max chip rev:     v0.99 [0m
[0;32mI (227) app_init: Chip rev:         v0.1[0m
[0;32mI (231) heap_init: Initializing. RAM available for dynamic allocation:[0m
[0;32mI (239) heap_init: At 3FC94AF0 len 00054C20 (339 KiB): RAM[0m
[0;32mI (245) heap_init: At 3FCE9710 len 00005724 (21 KiB): RAM[0m
[0;32mI (251) heap_init: At 3FCF0000 len 00008000 (32 KiB): DRAM[0m
[0;32mI (257) heap_init: At 600FE010 len 00001FD8 (7 KiB): RTCRAM[0m
[0;32mI (264) spi_flash: detected chip: gd[0m
[0;32mI (268) spi_flash: flash io: dio[0m
[0;33mW (271) spi_flash: Detected size(8192k) larger than the size in the binary image header(2048k). Using the size in the binary image header.[0m
[0;32mI (285) sleep: Configure to isolate all GPIO pins in sleep state[0m
[0;32mI (292) sleep: Enable automatic switching of GPIO sleep configuration[0m
[0;32mI (299) main_task: Started on CPU0[0m
[0;32mI (319) main_task: Calling app_main()[0m
[0;32mI (319) air: Hello from this new project![0m
[0;31mE (319) FreeRTOS: FreeRTOS Task "hello_world" should not return, Aborting now![0m

abort() was called at PC 0x4037a1ab on core 0


Backtrace: 0x4037595a:0x3fc99760 0x40379929:0x3fc99780 0x4037f881:0x3fc997a0 0x4037a1ab:0x3fc99810




ELF file SHA256: 94984a366

Rebooting...
ï¿½ï¿½ï¿½ESP-ROM:esp32s3-20210327
Build:Mar 27 2021
rst:0xc (RTC_SW_CPU_RST),boot:0x8 (SPI_FAST_FLASH_BOOT)
Saved PC:0x40375894
SPIWP:0xee
mode:DIO, clock div:1
load:0x3fce2810,len:0x178c
load:0x403c8700,len:0x4
load:0x403c8704,len:0xcb8
load:0x403cb700,len:0x2d9c
entry 0x403c8914
[0;32mI (31) boot: ESP-IDF v5.3-dev-2265-gfdb7a43752 2nd stage bootloader[0m
[0;32mI (31) boot: compile time Apr  5 2024 15:47:33[0m
[0;32mI (32) boot: Multicore bootloader[0m
[0;32mI (36) boot: chip revision: v0.1[0m
[0;32mI (40) boot.esp32s3: Boot SPI Speed : 80MHz[0m
[0;32mI (45) boot.esp32s3: SPI Mode       : DIO[0m
[0;32mI (49) boot.esp32s3: SPI Flash Size : 2MB[0m
[0;32mI (54) boot: Enabling RNG early entropy source...[0m
[0;32mI (59) boot: Partition Table:[0m
[0;32mI (63) boot: ## Label            Usage          Type ST Offset   Length[0m
[0;32mI (70) boot:  0 nvs              WiFi data        01 02 00009000 00006000[0m
[0;32mI (78) boot:  1 phy_init         RF data          01 01 0000f000 00001000[0m
[0;32mI (85) boot:  2 factory          factory app      00 00 00010000 00100000[0m
[0;32mI (93) boot: End of partition table[0m
[0;32mI (97) esp_image: segment 0: paddr=00010020 vaddr=3c020020 size=0cb94h ( 52116) map[0m
[0;32mI (115) esp_image: segment 1: paddr=0001cbbc vaddr=3fc91900 size=02914h ( 10516) load[0m
[0;32mI (117) esp_image: segment 2: paddr=0001f4d8 vaddr=40374000 size=00b40h (  2880) load[0m
[0;32mI (123) esp_image: segment 3: paddr=00020020 vaddr=42000020 size=184b0h ( 99504) map[0m
[0;32mI (149) esp_image: segment 4: paddr=000384d8 vaddr=40374b40 size=0cda0h ( 52640) load[0m
[0;32mI (166) boot: Loaded app from partition at offset 0x10000[0m
[0;32mI (166) boot: Disabling RNG early entropy source...[0m
[0;32mI (177) cpu_start: Multicore app[0m
[0;32mI (187) cpu_start: Pro cpu start user code[0m
[0;32mI (187) cpu_start: cpu freq: 160000000 Hz[0m
[0;32mI (188) app_init: Application information:[0m
[0;32mI (190) app_init: Project name:     air[0m
[0;32mI (195) app_init: App version:      3f6dc0f[0m
[0;32mI (200) app_init: Compile time:     Apr  5 2024 15:47:26[0m
[0;32mI (206) app_init: ELF file SHA256:  94984a366...[0m
[0;32mI (211) app_init: ESP-IDF:          v5.3-dev-2265-gfdb7a43752[0m
[0;32mI (217) app_init: Min chip rev:     v0.0[0m
[0;32mI (222) app_init: Max chip rev:     v0.99 [0m
[0;32mI (227) app_init: Chip rev:         v0.1[0m
[0;32mI (231) heap_init: Initializing. RAM available for dynamic allocation:[0m
[0;32mI (239) heap_init: At 3FC94AF0 len 00054C20 (339 KiB): RAM[0m
[0;32mI (245) heap_init: At 3FCE9710 len 00005724 (21 KiB): RAM[0m
[0;32mI (251) heap_init: At 3FCF0000 len 00008000 (32 KiB): DRAM[0m
[0;32mI (257) heap_init: At 600FE010 len 00001FD8 (7 KiB): RTCRAM[0m
[0;32mI (264) spi_flash: detected chip: gd[0m
[0;32mI (268) spi_flash: flash io: dio[0m
[0;33mW (271) spi_flash: Detected size(8192k) larger than the size in the binary image header(2048k). Using the size in the binary image header.[0m
[0;32mI (285) sleep: Configure to isolate all GPIO pins in sleep state[0m
[0;32mI (292) sleep: Enable automatic switching of GPIO sleep configuration[0m
[0;32mI (299) main_task: Started on CPU0[0m
[0;32mI (319) main_task: Calling app_main()[0m
[0;32mI (319) air: Hello from this new project![0m
[0;31mE (319) FreeRTOS: FreeRTOS Task "hello_world" should not return, Aborting now![0m

abort() was called at PC 0x4037a1ab on core 0


Backtrace: 0x4037595a:0x3fc99760 0x40379929:0x3fc99780 0x4037f881:0x3fc997a0 0x4037a1ab:0x3fc99810




ELF file SHA256: 94984a366

Rebooting...
ï¿½ï¿½ï¿½ESP-ROM:esp32s3-20210327
Build:Mar 27 2021
rst:0xc (RTC_SW_CPU_RST),boot:0x8 (SPI_FAST_FLASH_BOOT)
Saved PC:0x40375894
SPIWP:0xee
mode:DIO, clock div:1
load:0x3fce2810,len:0x178c
load:0x403c8700,len:0x4
load:0x403c8704,len:0xcb8
load:0x403cb700,len:0x2d9c
entry 0x403c8914
[0;32mI (31) boot: ESP-IDF v5.3-dev-2265-gfdb7a43752 2nd stage bootloader[0m
[0;32mI (31) boot: compile time Apr  5 2024 15:47:33[0m
[0;32mI (32) boot: Multicore bootloader[0m
[0;32mI (36) boot: chip revision: v0.1[0m
[0;32mI (40) boot.esp32s3: Boot SPI Speed : 80MHz[0m
[0;32mI (45) boot.esp32s3: SPI Mode       : DIO[0m
[0;32mI (49) boot.esp32s3: SPI Flash Size : 2MB[0m
[0;32mI (54) boot: Enabling RNG early entropy source...[0m
[0;32mI (59) boot: Partition Table:[0m
[0;32mI (63) boot: ## Label            Usage          Type ST Offset   Length[0m
[0;32mI (70) boot:  0 nvs              WiFi data        01 02 00009000 00006000[0m
[0;32mI (78) boot:  1 phy_init         RF data          01 01 0000f000 00001000[0m
[0;32mI (85) boot:  2 factory          factory app      00 00 00010000 00100000[0m
[0;32mI (93) boot: End of partition table[0m
[0;32mI (97) esp_image: segment 0: paddr=00010020 vaddr=3c020020 size=0cb94h ( 52116) map[0m
[0;32mI (115) esp_image: segment 1: paddr=0001cbbc vaddr=3fc91900 size=02914h ( 10516) load[0m
[0;32mI (117) esp_image: segment 2: paddr=0001f4d8 vaddr=40374000 size=00b40h (  2880) load[0m
[0;32mI (123) esp_image: segment 3: paddr=00020020 vaddr=42000020 size=184b0h ( 99504) map[0m
[0;32mI (149) esp_image: segment 4: paddr=000384d8 vaddr=40374b40 size=0cda0h ( 52640) load[0m
[0;32mI (166) boot: Loaded app from partition at offset 0x10000[0m
[0;32mI (166) boot: Disabling RNG early entropy source...[0m
[0;32mI (177) cpu_start: Multicore app[0m
[0;32mI (187) cpu_start: Pro cpu start user code[0m
[0;32mI (187) cpu_start: cpu freq: 160000000 Hz[0m
[0;32mI (188) app_init: Application information:[0m
[0;32mI (190) app_init: Project name:     air[0m
[0;32mI (195) app_init: App version:      3f6dc0f[0m
[0;32mI (200) app_init: Compile time:     Apr  5 2024 15:47:26[0m
[0;32mI (206) app_init: ELF file SHA256:  94984a366...[0m
[0;32mI (211) app_init: ESP-IDF:          v5.3-dev-2265-gfdb7a43752[0m
[0;32mI (217) app_init: Min chip rev:     v0.0[0m
[0;32mI (222) app_init: Max chip rev:     v0.99 [0m
[0;32mI (227) app_init: Chip rev:         v0.1[0m
[0;32mI (231) heap_init: Initializing. RAM available for dynamic allocation:[0m
[0;32mI (239) heap_init: At 3FC94AF0 len 00054C20 (339 KiB): RAM[0m
[0;32mI (245) heap_init: At 3FCE9710 len 00005724 (21 KiB): RAM[0m
[0;32mI (251) heap_init: At 3FCF0000 len 00008000 (32 KiB): DRAM[0m
[0;32mI (257) heap_init: At 600FE010 len 00001FD8 (7 KiB): RTCRAM[0m
[0;32mI (264) spi_flash: detected chip: gd[0m
[0;32mI (268) spi_flash: flash io: dio[0m
[0;33mW (271) spi_flash: Detected size(8192k) larger than the size in the binary image header(2048k). Using the size in the binary image header.[0m
[0;32mI (285) sleep: Configure to isolate all GPIO pins in sleep state[0m
[0;32mI (292) sleep: Enable automatic switching of GPIO sleep configuration[0m
[0;32mI (299) main_task: Started on CPU0[0m
[0;32mI (319) main_task: Calling app_main()[0m
[0;32mI (319) air: Hello from this new project![0m
[0;31mE (319) FreeRTOS: FreeRTOS Task "hello_world" should not return, Aborting now![0m

abort() was called at PC 0x4037a1ab on core 0


Backtrace: 0x4037595a:0x3fc99760 0x40379929:0x3fc99780 0x4037f881:0x3fc997a0 0x4037a1ab:0x3fc99810




ELF file SHA256: 94984a366

Rebooting...
ï¿½ï¿½ï¿½ESP-ROM:esp32s3-20210327
Build:Mar 27 2021
rst:0xc (RTC_SW_CPU_RST),boot:0x8 (SPI_FAST_FLASH_BOOT)
Saved PC:0x40375894
SPIWP:0xee
mode:DIO, clock div:1
load:0x3fce2810,len:0x178c
load:0x403c8700,len:0x4
load:0x403c8704,len:0xcb8
load:0x403cb700,len:0x2d9c
entry 0x403c8914
[0;32mI (31) boot: ESP-IDF v5.3-dev-2265-gfdb7a43752 2nd stage bootloader[0m
[0;32mI (31) boot: compile time Apr  5 2024 15:47:33[0m
[0;32mI (32) boot: Multicore bootloader[0m
[0;32mI (36) boot: chip revision: v0.1[0m
[0;32mI (40) boot.esp32s3: Boot SPI Speed : 80MHz[0m
[0;32mI (45) boot.esp32s3: SPI Mode       : DIO[0m
[0;32mI (49) boot.esp32s3: SPI Flash Size : 2MB[0m
[0;32mI (54) boot: Enabling RNG early entropy source...[0m
[0;32mI (59) boot: Partition Table:[0m
[0;32mI (63) boot: ## Label            Usage          Type ST Offset   Length[0m
[0;32mI (70) boot:  0 nvs              WiFi data        01 02 00009000 00006000[0m
[0;32mI (78) boot:  1 phy_init         RF data          01 01 0000f000 00001000[0m
[0;32mI (85) boot:  2 factory          factory app      00 00 00010000 00100000[0m
[0;32mI (93) boot: End of partition table[0m
[0;32mI (97) esp_image: segment 0: paddr=00010020 vaddr=3c020020 size=0cb94h ( 52116) map[0m
[0;32mI (115) esp_image: segment 1: paddr=0001cbbc vaddr=3fc91900 size=02914h ( 10516) load[0m
[0;32mI (117) esp_image: segment 2: paddr=0001f4d8 vaddr=40374000 size=00b40h (  2880) load[0m
[0;32mI (123) esp_image: segment 3: paddr=00020020 vaddr=42000020 size=184b0h ( 99504) map[0m
[0;32mI (149) esp_image: segment 4: paddr=000384d8 vaddr=40374b40 size=0cda0h ( 52640) load[0m
[0;32mI (166) boot: Loaded app from partition at offset 0x10000[0m
[0;32mI (166) boot: Disabling RNG early entropy source...[0m
[0;32mI (177) cpu_start: Multicore app[0m
[0;32mI (187) cpu_start: Pro cpu start user code[0m
[0;32mI (187) cpu_start: cpu freq: 160000000 Hz[0m
[0;32mI (187) app_init: Application information:[0m
[0;32mI (190) app_init: Project name:     air[0m
[0;32mI (195) app_init: App version:      3f6dc0f[0m
[0;32mI (200) app_init: Compile time:     Apr  5 2024 15:47:26[0m
[0;32mI (206) app_init: ELF file SHA256:  94984a366...[0m
[0;32mI (211) app_init: ESP-IDF:          v5.3-dev-2265-gfdb7a43752[0m
[0;32mI (217) app_init: Min chip rev:     v0.0[0m
[0;32mI (222) app_init: Max chip rev:     v0.99 [0m
[0;32mI (227) app_init: Chip rev:         v0.1[0m
[0;32mI (231) heap_init: Initializing. RAM available for dynamic allocation:[0m
[0;32mI (239) heap_init: At 3FC94AF0 len 00054C20 (339 KiB): RAM[0m
[0;32mI (245) heap_init: At 3FCE9710 len 00005724 (21 KiB): RAM[0m
[0;32mI (251) heap_init: At 3FCF0000 len 00008000 (32 KiB): DRAM[0m
[0;32mI (257) heap_init: At 600FE010 len 00001FD8 (7 KiB): RTCRAM[0m
[0;32mI (264) spi_flash: detected chip: gd[0m
[0;32mI (268) spi_flash: flash io: dio[0m
[0;33mW (271) spi_flash: Detected size(8192k) larger than the size in the binary image header(2048k). Using the size in the binary image header.[0m
[0;32mI (285) sleep: Configure to isolate all GPIO pins in sleep state[0m
[0;32mI (292) sleep: Enable automatic switching of GPIO sleep configuration[0m
[0;32mI (299) main_task: Started on CPU0[0m
[0;32mI (319) main_task: Calling app_main()[0m
[0;32mI (319) air: Hello from this new project![0m
[0;31mE (319) FreeRTOS: FreeRTOS Task "hello_world" should not return, Aborting now![0m

abort() was called at PC 0x4037a1ab on core 0


Backtrace: 0x4037595a:0x3fc99760 0x40379929:0x3fc99780 0x4037f881:0x3fc997a0 0x4037a1ab:0x3fc99810




ELF file SHA256: 94984a366

Rebooting...
ï¿½ï¿½ï¿½ESP-ROM:esp32s3-20210327
Build:Mar 27 2021
rst:0xc (RTC_SW_CPU_RST),boot:0x8 (SPI_FAST_FLASH_BOOT)
Saved PC:0x40375894
SPIWP:0xee
mode:DIO, clock div:1
load:0x3fce2810,len:0x178c
load:0x403c8700,len:0x4
load:0x403c8704,len:0xcb8
load:0x403cb700,len:0x2d9c
entry 0x403c8914
[0;32mI (31) boot: ESP-IDF v5.3-dev-2265-gfdb7a43752 2nd stage bootloader[0m
[0;32mI (31) boot: compile time Apr  5 2024 15:47:33[0m
[0;32mI (32) boot: Multicore bootloader[0m
[0;32mI (36) boot: chip revision: v0.1[0m
[0;32mI (40) boot.esp32s3: Boot SPI Speed : 80MHz[0m
[0;32mI (45) boot.esp32s3: SPI Mode       : DIO[0m
[0;32mI (49) boot.esp32s3: SPI Flash Size : 2MB[0m
[0;32mI (54) boot: Enabling RNG early entropy source...[0m
[0;32mI (59) boot: Partition Table:[0m
[0;32mI (63) boot: ## Label            Usage          Type ST Offset   Length[0m
[0;32mI (70) boot:  0 nvs              WiFi data        01 02 00009000 00006000[0m
[0;32mI (78) boot:  1 phy_init         RF data          01 01 0000f000 00001000[0m
[0;32mI (85) boot:  2 factory          factory app      00 00 00010000 00100000[0m
[0;32mI (93) boot: End of partition table[0m
[0;32mI (97) esp_image: segment 0: paddr=00010020 vaddr=3c020020 size=0cb94h ( 52116) map[0m
[0;32mI (115) esp_image: segment 1: paddr=0001cbbc vaddr=3fc91900 size=02914h ( 10516) load[0m
[0;32mI (117) esp_image: segment 2: paddr=0001f4d8 vaddr=40374000 size=00b40h (  2880) load[0m
[0;32mI (123) esp_image: segment 3: paddr=00020020 vaddr=42000020 size=184b0h ( 99504) map[0m
[0;32mI (149) esp_image: segment 4: paddr=000384d8 vaddr=40374b40 size=0cda0h ( 52640) load[0m
[0;32mI (166) boot: Loaded app from partition at offset 0x10000[0m
[0;32mI (166) boot: Disabling RNG early entropy source...[0m
[0;32mI (177) cpu_start: Multicore app[0m
[0;32mI (187) cpu_start: Pro cpu start user code[0m
[0;32mI (187) cpu_start: cpu freq: 160000000 Hz[0m
[0;32mI (187) app_init: Application information:[0m
[0;32mI (190) app_init: Project name:     air[0m
[0;32mI (195) app_init: App version:      3f6dc0f[0m
[0;32mI (200) app_init: Compile time:     Apr  5 2024 15:47:26[0m
[0;32mI (206) app_init: ELF file SHA256:  94984a366...[0m
[0;32mI (211) app_init: ESP-IDF:          v5.3-dev-2265-gfdb7a43752[0m
[0;32mI (217) app_init: Min chip rev:     v0.0[0m
[0;32mI (222) app_init: Max chip rev:     v0.99 [0m
[0;32mI (227) app_init: Chip rev:         v0.1[0m
[0;32mI (231) heap_init: Initializing. RAM available for dynamic allocation:[0m
[0;32mI (239) heap_init: At 3FC94AF0 len 00054C20 (339 KiB): RAM[0m
[0;32mI (245) heap_init: At 3FCE9710 len 00005724 (21 KiB): RAM[0m
[0;32mI (251) heap_init: At 3FCF0000 len 00008000 (32 KiB): DRAM[0m
[0;32mI (257) heap_init: At 600FE010 len 00001FD8 (7 KiB): RTCRAM[0m
[0;32mI (264) spi_flash: detected chip: gd[0m
[0;32mI (268) spi_flash: flash io: dio[0m
[0;33mW (271) spi_flash: Detected size(8192k) larger than the size in the binary image header(2048k). Using the size in the binary image header.[0m
[0;32mI (285) sleep: Configure to isolate all GPIO pins in sleep state[0m
[0;32mI (292) sleep: Enable automatic switching of GPIO sleep configuration[0m
[0;32mI (299) main_task: Started on CPU0[0m
[0;32mI (319) main_task: Calling app_main()[0m
[0;32mI (319) air: Hello from this new project![0m
[0;31mE (319) FreeRTOS: FreeRTOS Task "hello_world" should not return, Aborting now![0m

abort() was called at PC 0x4037a1ab on core 0


Backtrace: 0x4037595a:0x3fc99760 0x40379929:0x3fc99780 0x4037f881:0x3fc997a0 0x4037a1ab:0x3fc99810




ELF file SHA256: 94984a366

Rebooting...
ï¿½ï¿½ï¿½ESP-ROM:esp32s3-20210327
Build:Mar 27 2021
rst:0xc (RTC_SW_CPU_RST),boot:0x8 (SPI_FAST_FLASH_BOOT)
Saved PC:0x40375894
SPIWP:0xee
mode:DIO, clock div:1
load:0x3fce2810,len:0x178c
load:0x403c8700,len:0x4
load:0x403c8704,len:0xcb8
load:0x403cb700,len:0x2d9c
entry 0x403c8914
[0;32mI (31) boot: ESP-IDF v5.3-dev-2265-gfdb7a43752 2nd stage bootloader[0m
[0;32mI (31) boot: compile time Apr  5 2024 15:47:33[0m
[0;32mI (32) boot: Multicore bootloader[0m
[0;32mI (36) boot: chip revision: v0.1[0m
[0;32mI (40) boot.esp32s3: Boot SPI Speed : 80MHz[0m
[0;32mI (45) boot.esp32s3: SPI Mode       : DIO[0m
[0;32mI (49) boot.esp32s3: SPI Flash Size : 2MB[0m
[0;32mI (54) boot: Enabling RNG early entropy source...[0m
[0;32mI (59) boot: Partition Table:[0m
[0;32mI (63) boot: ## Label            Usage          Type ST Offset   Length[0m
[0;32mI (70) boot:  0 nvs              WiFi data        01 02 00009000 00006000[0m
[0;32mI (78) boot:  1 phy_init         RF data          01 01 0000f000 00001000[0m
[0;32mI (85) boot:  2 factory          factory app      00 00 00010000 00100000[0m
[0;32mI (93) boot: End of partition table[0m
[0;32mI (97) esp_image: segment 0: paddr=00010020 vaddr=3c020020 size=0cb94h ( 52116) map[0m
[0;32mI (115) esp_image: segment 1: paddr=0001cbbc vaddr=3fc91900 size=02914h ( 10516) load[0m
[0;32mI (117) esp_image: segment 2: paddr=0001f4d8 vaddr=40374000 size=00b40h (  2880) load[0m
[0;32mI (123) esp_image: segment 3: paddr=00020020 vaddr=42000020 size=184b0h ( 99504) map[0m
[0;32mI (149) esp_image: segment 4: paddr=000384d8 vaddr=40374b40 size=0cda0h ( 52640) load[0m
[0;32mI (166) boot: Loaded app from partition at offset 0x10000[0m
[0;32mI (166) boot: Disabling RNG early entropy source...[0m
[0;32mI (177) cpu_start: Multicore app[0m
[0;32mI (187) cpu_start: Pro cpu start user code[0m
[0;32mI (187) cpu_start: cpu freq: 160000000 Hz[0m
[0;32mI (187) app_init: Application information:[0m
[0;32mI (190) app_init: Project name:     air[0m
[0;32mI (195) app_init: App version:      3f6dc0f[0m
[0;32mI (200) app_init: Compile time:     Apr  5 2024 15:47:26[0m
[0;32mI (206) app_init: ELF file SHA256:  94984a366...[0m
[0;32mI (211) app_init: ESP-IDF:          v5.3-dev-2265-gfdb7a43752[0m
[0;32mI (217) app_init: Min chip rev:     v0.0[0m
[0;32mI (222) app_init: Max chip rev:     v0.99 [0m
[0;32mI (227) app_init: Chip rev:         v0.1[0m
[0;32mI (231) heap_init: Initializing. RAM available for dynamic allocation:[0m
[0;32mI (239) heap_init: At 3FC94AF0 len 00054C20 (339 KiB): RAM[0m
[0;32mI (245) heap_init: At 3FCE9710 len 00005724 (21 KiB): RAM[0m
[0;32mI (251) heap_init: At 3FCF0000 len 00008000 (32 KiB): DRAM[0m
[0;32mI (257) heap_init: At 600FE010 len 00001FD8 (7 KiB): RTCRAM[0m
[0;32mI (264) spi_flash: detected chip: gd[0m
[0;32mI (268) spi_flash: flash io: dio[0m
[0;33mW (271) spi_flash: Detected size(8192k) larger than the size in the binary image header(2048k). Using the size in the binary image header.[0m
[0;32mI (285) sleep: Configure to isolate all GPIO pins in sleep state[0m
[0;32mI (292) sleep: Enable automatic switching of GPIO sleep configuration[0m
[0;32mI (299) main_task: Started on CPU0[0m
[0;32mI (319) main_task: Calling app_main()[0m
[0;32mI (319) air: Hello from this new project![0m
[0;31mE (319) FreeRTOS: FreeRTOS Task "hello_world" should not return, Aborting now![0m

abort() was called at PC 0x4037a1ab on core 0


Backtrace: 0x4037595a:0x3fc99760 0x40379929:0x3fc99780 0x4037f881:0x3fc997a0 0x4037a1ab:0x3fc99810




ELF file SHA256: 94984a366

Rebooting...
ï¿½ï¿½ï¿½ESP-ROM:esp32s3-20210327
Build:Mar 27 2021
rst:0xc (RTC_SW_CPU_RST),boot:0x8 (SPI_FAST_FLASH_BOOT)
Saved PC:0x40375894
SPIWP:0xee
mode:DIO, clock div:1
load:0x3fce2810,len:0x178c
load:0x403c8700,len:0x4
load:0x403c8704,len:0xcb8
load:0x403cb700,len:0x2d9c
entry 0x403c8914
[0;32mI (31) boot: ESP-IDF v5.3-dev-2265-gfdb7a43752 2nd stage bootloader[0m
[0;32mI (31) boot: compile time Apr  5 2024 15:47:33[0m
[0;32mI (32) boot: Multicore bootloader[0m
[0;32mI (36) boot: chip revision: v0.1[0m
[0;32mI (40) boot.esp32s3: Boot SPI Speed : 80MHz[0m
[0;32mI (45) boot.esp32s3: SPI Mode       : DIO[0m
[0;32mI (49) boot.esp32s3: SPI Flash Size : 2MB[0m
[0;32mI (54) boot: Enabling RNG early entropy source...[0m
[0;32mI (59) boot: Partition Table:[0m
[0;32mI (63) boot: ## Label            Usage          Type ST Offset   Length[0m
[0;32mI (70) boot:  0 nvs              WiFi data        01 02 00009000 00006000[0m
[0;32mI (78) boot:  1 phy_init         RF data          01 01 0000f000 00001000[0m
[0;32mI (85) boot:  2 factory          factory app      00 00 00010000 00100000[0m
[0;32mI (93) boot: End of partition table[0m
[0;32mI (97) esp_image: segment 0: paddr=00010020 vaddr=3c020020 size=0cb94h ( 52116) map[0m
[0;32mI (115) esp_image: segment 1: paddr=0001cbbc vaddr=3fc91900 size=02914h ( 10516) load[0m
[0;32mI (117) esp_image: segment 2: paddr=0001f4d8 vaddr=40374000 size=00b40h (  2880) load[0m
[0;32mI (123) esp_image: segment 3: paddr=00020020 vaddr=42000020 size=184b0h ( 99504) map[0m
[0;32mI (149) esp_image: segment 4: paddr=000384d8 vaddr=40374b40 size=0cda0h ( 52640) load[0m
[0;32mI (166) boot: Loaded app from partition at offset 0x10000[0m
[0;32mI (166) boot: Disabling RNG early entropy source...[0m
[0;32mI (177) cpu_start: Multicore app[0m
[0;32mI (187) cpu_start: Pro cpu start user code[0m
[0;32mI (187) cpu_start: cpu freq: 160000000 Hz[0m
[0;32mI (187) app_init: Application information:[0m
[0;32mI (190) app_init: Project name:     air[0m
[0;32mI (195) app_init: App version:      3f6dc0f[0m
[0;32mI (200) app_init: Compile time:     Apr  5 2024 15:47:26[0m
[0;32mI (206) app_init: ELF file SHA256:  94984a366...[0m
[0;32mI (211) app_init: ESP-IDF:          v5.3-dev-2265-gfdb7a43752[0m
[0;32mI (217) app_init: Min chip rev:     v0.0[0m
[0;32mI (222) app_init: Max chip rev:     v0.99 [0m
[0;32mI (227) app_init: Chip rev:         v0.1[0m
[0;32mI (231) heap_init: Initializing. RAM available for dynamic allocation:[0m
[0;32mI (239) heap_init: At 3FC94AF0 len 00054C20 (339 KiB): RAM[0m
[0;32mI (245) heap_init: At 3FCE9710 len 00005724 (21 KiB): RAM[0m
[0;32mI (251) heap_init: At 3FCF0000 len 00008000 (32 KiB): DRAM[0m
[0;32mI (257) heap_init: At 600FE010 len 00001FD8 (7 KiB): RTCRAM[0m
[0;32mI (264) spi_flash: detected chip: gd[0m
[0;32mI (268) spi_flash: flash io: dio[0m
[0;33mW (271) spi_flash: Detected size(8192k) larger than the size in the binary image header(2048k). Using the size in the binary image header.[0m
[0;32mI (285) sleep: Configure to isolate all GPIO pins in sleep state[0m
[0;32mI (292) sleep: Enable automatic switching of GPIO sleep configuration[0m
[0;32mI (299) main_task: Started on CPU0[0m
[0;32mI (319) main_task: Calling app_main()[0m
[0;32mI (319) air: Hello from this new project![0m
[0;31mE (319) FreeRTOS: FreeRTOS Task "hello_world" should not return, Aborting now![0m

abort() was called at PC 0x4037a1ab on core 0


Backtrace: 0x4037595a:0x3fc99760 0x40379929:0x3fc99780 0x4037f881:0x3fc997a0 0x4037a1ab:0x3fc99810




ELF file SHA256: 94984a366

Rebooting...
ï¿½ï¿½ï¿½ESP-ROM:esp32s3-20210327
Build:Mar 27 2021
rst:0xc (RTC_SW_CPU_RST),boot:0x8 (SPI_FAST_FLASH_BOOT)
Saved PC:0x40375894
SPIWP:0xee
mode:DIO, clock div:1
load:0x3fce2810,len:0x178c
load:0x403c8700,len:0x4
load:0x403c8704,len:0xcb8
load:0x403cb700,len:0x2d9c
entry 0x403c8914
[0;32mI (31) boot: ESP-IDF v5.3-dev-2265-gfdb7a43752 2nd stage bootloader[0m
[0;32mI (31) boot: compile time Apr  5 2024 15:47:33[0m
[0;32mI (32) boot: Multicore bootloader[0m
[0;32mI (36) boot: chip revision: v0.1[0m
[0;32mI (40) boot.esp32s3: Boot SPI Speed : 80MHz[0m
[0;32mI (45) boot.esp32s3: SPI Mode       : DIO[0m
[0;32mI (49) boot.esp32s3: SPI Flash Size : 2MB[0m
[0;32mI (54) boot: Enabling RNG early entropy source...[0m
[0;32mI (59) boot: Partition Table:[0m
[0;32mI (63) boot: ## Label            Usage          Type ST Offset   Length[0m
[0;32mI (70) boot:  0 nvs              WiFi data        01 02 00009000 00006000[0m
[0;32mI (78) boot:  1 phy_init         RF data          01 01 0000f000 00001000[0m
[0;32mI (85) boot:  2 factory          factory app      00 00 00010000 00100000[0m
[0;32mI (93) boot: End of partition table[0m
[0;32mI (97) esp_image: segment 0: paddr=00010020 vaddr=3c020020 size=0cb94h ( 52116) map[0m
[0;32mI (115) esp_image: segment 1: paddr=0001cbbc vaddr=3fc91900 size=02914h ( 10516) load[0m
[0;32mI (117) esp_image: segment 2: paddr=0001f4d8 vaddr=40374000 size=00b40h (  2880) load[0m
[0;32mI (123) esp_image: segment 3: paddr=00020020 vaddr=42000020 size=184b0h ( 99504) map[0m
[0;32mI (149) esp_image: segment 4: paddr=000384d8 vaddr=40374b40 size=0cda0h ( 52640) load[0m
[0;32mI (166) boot: Loaded app from partition at offset 0x10000[0m
[0;32mI (166) boot: Disabling RNG early entropy source...[0m
[0;32mI (177) cpu_start: Multicore app[0m
[0;32mI (187) cpu_start: Pro cpu start user code[0m
[0;32mI (187) cpu_start: cpu freq: 160000000 Hz[0m
[0;32mI (187) app_init: Application information:[0m
[0;32mI (190) app_init: Project name:     air[0m
[0;32mI (195) app_init: App version:      3f6dc0f[0m
[0;32mI (200) app_init: Compile time:     Apr  5 2024 15:47:26[0m
[0;32mI (206) app_init: ELF file SHA256:  94984a366...[0m
[0;32mI (211) app_init: ESP-IDF:          v5.3-dev-2265-gfdb7a43752[0m
[0;32mI (217) app_init: Min chip rev:     v0.0[0m
[0;32mI (222) app_init: Max chip rev:     v0.99 [0m
[0;32mI (227) app_init: Chip rev:         v0.1[0m
[0;32mI (231) heap_init: Initializing. RAM available for dynamic allocation:[0m
[0;32mI (239) heap_init: At 3FC94AF0 len 00054C20 (339 KiB): RAM[0m
[0;32mI (245) heap_init: At 3FCE9710 len 00005724 (21 KiB): RAM[0m
[0;32mI (251) heap_init: At 3FCF0000 len 00008000 (32 KiB): DRAM[0m
[0;32mI (257) heap_init: At 600FE010 len 00001FD8 (7 KiB): RTCRAM[0m
[0;32mI (264) spi_flash: detected chip: gd[0m
[0;32mI (268) spi_flash: flash io: dio[0m
[0;33mW (271) spi_flash: Detected size(8192k) larger than the size in the binary image header(2048k). Using the size in the binary image header.[0m
[0;32mI (285) sleep: Configure to isolate all GPIO pins in sleep state[0m
[0;32mI (292) sleep: Enable automatic switching of GPIO sleep configuration[0m
[0;32mI (299) main_task: Started on CPU0[0m
[0;32mI (319) main_task: Calling app_main()[0m
[0;32mI (319) air: Hello from this new project![0m
[0;31mE (319) FreeRTOS: FreeRTOS Task "hello_world" should not return, Aborting now![0m

abort() was called at PC 0x4037a1ab on core 0


Backtrace: 0x4037595a:0x3fc99760 0x40379929:0x3fc99780 0x4037f881:0x3fc997a0 0x4037a1ab:0x3fc99810




ELF file SHA256: 94984a366

Rebooting...
ï¿½ï¿½ï¿½ESP-ROM:esp32s3-20210327
Build:Mar 27 2021
rst:0xc (RTC_SW_CPU_RST),boot:0x8 (SPI_FAST_FLASH_BOOT)
Saved PC:0x40375894
SPIWP:0xee
mode:DIO, clock div:1
load:0x3fce2810,len:0x178c
load:0x403c8700,len:0x4
load:0x403c8704,len:0xcb8
load:0x403cb700,len:0x2d9c
entry 0x403c8914
[0;32mI (31) boot: ESP-IDF v5.3-dev-2265-gfdb7a43752 2nd stage bootloader[0m
[0;32mI (31) boot: compile time Apr  5 2024 15:47:33[0m
[0;32mI (32) boot: Multicore bootloader[0m
[0;32mI (36) boot: chip revision: v0.1[0m
[0;32mI (40) boot.esp32s3: Boot SPI Speed : 80MHz[0m
[0;32mI (45) boot.esp32s3: SPI Mode       : DIO[0m
[0;32mI (49) boot.esp32s3: SPI Flash Size : 2MB[0m
[0;32mI (54) boot: Enabling RNG early entropy source...[0m
[0;32mI (59) boot: Partition Table:[0m
[0;32mI (63) boot: ## Label            Usage          Type ST Offset   Length[0m
[0;32mI (70) boot:  0 nvs              WiFi data        01 02 00009000 00006000[0m
[0;32mI (78) boot:  1 phy_init         RF data          01 01 0000f000 00001000[0m
[0;32mI (85) boot:  2 factory          factory app      00 00 00010000 00100000[0m
[0;32mI (93) boot: End of partition table[0m
[0;32mI (97) esp_image: segment 0: paddr=00010020 vaddr=3c020020 size=0cb94h ( 52116) map[0m
[0;32mI (115) esp_image: segment 1: paddr=0001cbbc vaddr=3fc91900 size=02914h ( 10516) load[0m
[0;32mI (117) esp_image: segment 2: paddr=0001f4d8 vaddr=40374000 size=00b40h (  2880) load[0m
[0;32mI (123) esp_image: segment 3: paddr=00020020 vaddr=42000020 size=184b0h ( 99504) map[0m
[0;32mI (149) esp_image: segment 4: paddr=000384d8 vaddr=40374b40 size=0cda0h ( 52640) load[0m
[0;32mI (166) boot: Loaded app from partition at offset 0x10000[0m
[0;32mI (166) boot: Disabling RNG early entropy source...[0m
[0;32mI (177) cpu_start: Multicore app[0m
[0;32mI (187) cpu_start: Pro cpu start user code[0m
[0;32mI (187) cpu_start: cpu freq: 160000000 Hz[0m
[0;32mI (188) app_init: Application information:[0m
[0;32mI (190) app_init: Project name:     air[0m
[0;32mI (195) app_init: App version:      3f6dc0f[0m
[0;32mI (200) app_init: Compile time:     Apr  5 2024 15:47:26[0m
[0;32mI (206) app_init: ELF file SHA256:  94984a366...[0m
[0;32mI (211) app_init: ESP-IDF:          v5.3-dev-2265-gfdb7a43752[0m
[0;32mI (217) app_init: Min chip rev:     v0.0[0m
[0;32mI (222) app_init: Max chip rev:     v0.99 [0m
[0;32mI (227) app_init: Chip rev:         v0.1[0m
[0;32mI (231) heap_init: Initializing. RAM available for dynamic allocation:[0m
[0;32mI (239) heap_init: At 3FC94AF0 len 00054C20 (339 KiB): RAM[0m
[0;32mI (245) heap_init: At 3FCE9710 len 00005724 (21 KiB): RAM[0m
[0;32mI (251) heap_init: At 3FCF0000 len 00008000 (32 KiB): DRAM[0m
[0;32mI (257) heap_init: At 600FE010 len 00001FD8 (7 KiB): RTCRAM[0m
[0;32mI (264) spi_flash: detected chip: gd[0m
[0;32mI (268) spi_flash: flash io: dio[0m
[0;33mW (271) spi_flash: Detected size(8192k) larger than the size in the binary image header(2048k). Using the size in the binary image header.[0m
[0;32mI (285) sleep: Configure to isolate all GPIO pins in sleep state[0m
[0;32mI (292) sleep: Enable automatic switching of GPIO sleep configuration[0m
[0;32mI (299) main_task: Started on CPU0[0m
[0;32mI (319) main_task: Calling app_main()[0m
[0;32mI (319) air: Hello from this new project![0m
[0;31mE (319) FreeRTOS: FreeRTOS Task "hello_world" should not return, Aborting now![0m

abort() was called at PC 0x4037a1ab on core 0


Backtrace: 0x4037595a:0x3fc99760 0x40379929:0x3fc99780 0x4037f881:0x3fc997a0 0x4037a1ab:0x3fc99810




ELF file SHA256: 94984a366

Rebooting...
ï¿½ï¿½ï¿½ESP-ROM:esp32s3-20210327
Build:Mar 27 2021
rst:0xc (RTC_SW_CPU_RST),boot:0x8 (SPI_FAST_FLASH_BOOT)
Saved PC:0x40375894
SPIWP:0xee
mode:DIO, clock div:1
load:0x3fce2810,len:0x178c
load:0x403c8700,len:0x4
load:0x403c8704,len:0xcb8
load:0x403cb700,len:0x2d9c
entry 0x403c8914
[0;32mI (31) boot: ESP-IDF v5.3-dev-2265-gfdb7a43752 2nd stage bootloader[0m
[0;32mI (31) boot: compile time Apr  5 2024 15:47:33[0m
[0;32mI (32) boot: Multicore bootloader[0m
[0;32mI (36) boot: chip revision: v0.1[0m
[0;32mI (40) boot.esp32s3: Boot SPI Speed : 80MHz[0m
[0;32mI (45) boot.esp32s3: SPI Mode       : DIO[0m
[0;32mI (49) boot.esp32s3: SPI Flash Size : 2MB[0m
[0;32mI (54) boot: Enabling RNG early entropy source...[0m
[0;32mI (59) boot: Partition Table:[0m
[0;32mI (63) boot: ## Label            Usage          Type ST Offset   Length[0m
[0;32mI (70) boot:  0 nvs              WiFi data        01 02 00009000 00006000[0m
[0;32mI (78) boot:  1 phy_init         RF data          01 01 0000f000 00001000[0m
[0;32mI (85) boot:  2 factory          factory app      00 00 00010000 00100000[0m
[0;32mI (93) boot: End of partition table[0m
[0;32mI (97) esp_image: segment 0: paddr=00010020 vaddr=3c020020 size=0cb94h ( 52116) map[0m
[0;32mI (115) esp_image: segment 1: paddr=0001cbbc vaddr=3fc91900 size=02914h ( 10516) load[0m
[0;32mI (117) esp_image: segment 2: paddr=0001f4d8 vaddr=40374000 size=00b40h (  2880) load[0m
[0;32mI (123) esp_image: segment 3: paddr=00020020 vaddr=42000020 size=184b0h ( 99504) map[0m
[0;32mI (149) esp_image: segment 4: paddr=000384d8 vaddr=40374b40 size=0cda0h ( 52640) load[0m
[0;32mI (166) boot: Loaded app from partition at offset 0x10000[0m
[0;32mI (166) boot: Disabling RNG early entropy source...[0m
