ESP-ROM:esp32s3-20210327
Build:Mar 27 2021
rst:0x1 (POWERON),boot:0x8 (SPI_FAST_FLASH_BOOT)
SPIWP:0xee
mode:DIO, clock div:1
load:0x3fce3810,len:0x178c
load:0x403c9700,len:0x4
load:0x403c9704,len:0xcbc
load:0x403cc700,len:0x2da0
entry 0x403c9914
[0;32mI (27) boot: ESP-IDF v5.2.1-dirty 2nd stage bootloader[0m
[0;32mI (27) boot: compile time Apr 27 2024 16:00:56[0m
[0;32mI (27) boot: Multicore bootloader[0m
[0;32mI (30) boot: chip revision: v0.2[0m
[0;32mI (34) boot.esp32s3: Boot SPI Speed : 80MHz[0m
[0;32mI (39) boot.esp32s3: SPI Mode       : DIO[0m
[0;32mI (44) boot.esp32s3: SPI Flash Size : 2MB[0m
[0;32mI (48) boot: Enabling RNG early entropy source...[0m
[0;32mI (54) boot: Partition Table:[0m
[0;32mI (57) boot: ## Label            Usage          Type ST Offset   Length[0m
[0;32mI (65) boot:  0 nvs              WiFi data        01 02 00009000 00006000[0m
[0;32mI (72) boot:  1 phy_init         RF data          01 01 0000f000 00001000[0m
[0;32mI (80) boot:  2 factory          factory app      00 00 00010000 00100000[0m
[0;32mI (87) boot: End of partition table[0m
[0;32mI (91) esp_image: segment 0: paddr=00010020 vaddr=3c0a0020 size=26b6ch (158572) map[0m
[0;32mI (128) esp_image: segment 1: paddr=00036b94 vaddr=3fc97e00 size=04680h ( 18048) load[0m
[0;32mI (132) esp_image: segment 2: paddr=0003b21c vaddr=40374000 size=04dfch ( 19964) load[0m
[0;32mI (138) esp_image: segment 3: paddr=00040020 vaddr=42000020 size=945f8h (607736) map[0m
[0;32mI (251) esp_image: segment 4: paddr=000d4620 vaddr=40378dfc size=0ef50h ( 61264) load[0m
[0;32mI (273) boot: Loaded app from partition at offset 0x10000[0m
[0;32mI (274) boot: Disabling RNG early entropy source...[0m
[0;32mI (285) cpu_start: Multicore app[0m
[0;32mI (295) cpu_start: Pro cpu start user code[0m
[0;32mI (295) cpu_start: cpu freq: 160000000 Hz[0m
[0;32mI (295) cpu_start: Application information:[0m
[0;32mI (298) cpu_start: Project name:     wifi_test[0m
[0;32mI (303) cpu_start: App version:      1[0m
[0;32mI (307) cpu_start: Compile time:     Apr 27 2024 16:00:50[0m
[0;32mI (313) cpu_start: ELF file SHA256:  e07ebd504...[0m
[0;32mI (319) cpu_start: ESP-IDF:          v5.2.1-dirty[0m
[0;32mI (324) cpu_start: Min chip rev:     v0.0[0m
[0;32mI (329) cpu_start: Max chip rev:     v0.99 [0m
[0;32mI (334) cpu_start: Chip rev:         v0.2[0m
[0;32mI (338) heap_init: Initializing. RAM available for dynamic allocation:[0m
[0;32mI (346) heap_init: At 3FCA04B0 len 00049260 (292 KiB): RAM[0m
[0;32mI (352) heap_init: At 3FCE9710 len 00005724 (21 KiB): RAM[0m
[0;32mI (358) heap_init: At 3FCF0000 len 00008000 (32 KiB): DRAM[0m
[0;32mI (364) heap_init: At 600FE010 len 00001FD8 (7 KiB): RTCRAM[0m
[0;32mI (371) spi_flash: detected chip: gd[0m
[0;32mI (374) spi_flash: flash io: dio[0m
[0;33mW (378) spi_flash: Detected size(8192k) larger than the size in the binary image header(2048k). Using the size in the binary image header.[0m
[0;32mI (392) sleep: Configure to isolate all GPIO pins in sleep state[0m
[0;32mI (398) sleep: Enable automatic switching of GPIO sleep configuration[0m
[0;32mI (406) main_task: Started on CPU0[0m
[0;32mI (416) main_task: Calling app_main()[0m
[0;32mI (446) pp: pp rom version: e7ae62f[0m
[0;32mI (446) net80211: net80211 rom version: e7ae62f[0m
I (456) wifi:wifi driver task: 3fca9500, prio:23, stack:6656, core=0
I (466) wifi:wifi firmware version: a9f5b59
I (466) wifi:wifi certification version: v7.0
I (466) wifi:config NVS flash: enabled
I (466) wifi:config nano formating: disabled
I (466) wifi:Init data frame dynamic rx buffer num: 32
I (476) wifi:Init static rx mgmt buffer num: 5
I (476) wifi:Init management short buffer num: 32
I (486) wifi:Init dynamic tx buffer num: 32
I (486) wifi:Init static tx FG buffer num: 2
I (496) wifi:Init static rx buffer size: 1600
I (496) wifi:Init static rx buffer num: 10
I (496) wifi:Init dynamic rx buffer num: 32
[0;32mI (506) wifi_init: rx ba win: 6[0m
[0;32mI (506) wifi_init: tcpip mbox: 32[0m
[0;32mI (516) wifi_init: udp mbox: 6[0m
[0;32mI (516) wifi_init: tcp mbox: 6[0m
[0;32mI (516) wifi_init: tcp tx win: 5760[0m
[0;32mI (526) wifi_init: tcp rx win: 5760[0m
[0;32mI (526) wifi_init: tcp mss: 1440[0m
[0;32mI (526) wifi_init: WiFi IRAM OP enabled[0m
[0;32mI (536) wifi_init: WiFi RX IRAM OP enabled[0m
[0;32mI (546) phy_init: phy_version 640,cd64a1a,Jan 24 2024,17:28:12[0m
E (586) wifi:failed to post WiFi event=40 ret=259
I (586) wifi:mode : sta (48:27:e2:e1:e0:f8)
I (586) wifi:enable tsf
E (586) wifi:failed to post WiFi event=2 ret=259
[0;32mI (586) Wifi test: Wifi connection...[0m
[0;31mE (596) esp-tls: couldn't get hostname for :a3236okzt5qv4e-ats.iot.us-east-1.amazonaws.com: getaddrinfo() returns 202, addrinfo=0x0[0m
[0;31mE (606) transport_base: Failed to open a new connection: 32769[0m
[0;31mE (606) mqtt_client: Error transport connect[0m
[0;32mI (616) Wifi test: Mqtt connection completed[0m
[0;32mI (616) main_task: Returned from app_main()[0m
