ESP-ROM:esp32s3-20210327
Build:Mar 27 2021
rst:0x1 (POWERON),boot:0x8 (SPI_FAST_FLASH_BOOT)
SPIWP:0xee
mode:DIO, clock div:1
load:0x3fce3810,len:0x178c
load:0x403c9700,len:0x4
load:0x403c9704,len:0xcbc
load:0x403cc700,len:0x2da0
entry 0x403c9914
[0;32mI (27) boot: ESP-IDF v5.2.1-dirty 2nd stage bootloader[0m
[0;32mI (27) boot: compile time Apr 27 2024 16:00:56[0m
[0;32mI (27) boot: Multicore bootloader[0m
[0;32mI (30) boot: chip revision: v0.2[0m
[0;32mI (34) boot.esp32s3: Boot SPI Speed : 80MHz[0m
[0;32mI (39) boot.esp32s3: SPI Mode       : DIO[0m
[0;32mI (44) boot.esp32s3: SPI Flash Size : 2MB[0m
[0;32mI (48) boot: Enabling RNG early entropy source...[0m
[0;32mI (54) boot: Partition Table:[0m
[0;32mI (57) boot: ## Label            Usage          Type ST Offset   Length[0m
[0;32mI (65) boot:  0 nvs              WiFi data        01 02 00009000 00006000[0m
[0;32mI (72) boot:  1 phy_init         RF data          01 01 0000f000 00001000[0m
[0;32mI (80) boot:  2 factory          factory app      00 00 00010000 00100000[0m
[0;32mI (87) boot: End of partition table[0m
[0;32mI (91) esp_image: segment 0: paddr=00010020 vaddr=3c080020 size=2147ch (136316) map[0m
[0;32mI (124) esp_image: segment 1: paddr=000314a4 vaddr=3fc97700 size=045e8h ( 17896) load[0m
[0;32mI (128) esp_image: segment 2: paddr=00035a94 vaddr=40374000 size=0a584h ( 42372) load[0m
[0;32mI (139) esp_image: segment 3: paddr=00040020 vaddr=42000020 size=7a29ch (500380) map[0m
[0;32mI (229) esp_image: segment 4: paddr=000ba2c4 vaddr=4037e584 size=09070h ( 36976) load[0m
[0;32mI (246) boot: Loaded app from partition at offset 0x10000[0m
[0;32mI (246) boot: Disabling RNG early entropy source...[0m
[0;32mI (257) cpu_start: Multicore app[0m
[0;32mI (267) cpu_start: Pro cpu start user code[0m
[0;32mI (267) cpu_start: cpu freq: 160000000 Hz[0m
[0;32mI (267) cpu_start: Application information:[0m
[0;32mI (270) cpu_start: Project name:     wifi_test[0m
[0;32mI (275) cpu_start: App version:      1[0m
[0;32mI (280) cpu_start: Compile time:     Apr 27 2024 16:00:50[0m
[0;32mI (286) cpu_start: ELF file SHA256:  f9c91de6e...[0m
[0;32mI (291) cpu_start: ESP-IDF:          v5.2.1-dirty[0m
[0;32mI (296) cpu_start: Min chip rev:     v0.0[0m
[0;32mI (301) cpu_start: Max chip rev:     v0.99 [0m
[0;32mI (306) cpu_start: Chip rev:         v0.2[0m
[0;32mI (311) heap_init: Initializing. RAM available for dynamic allocation:[0m
[0;32mI (318) heap_init: At 3FC9F730 len 00049FE0 (295 KiB): RAM[0m
[0;32mI (324) heap_init: At 3FCE9710 len 00005724 (21 KiB): RAM[0m
[0;32mI (330) heap_init: At 3FCF0000 len 00008000 (32 KiB): DRAM[0m
[0;32mI (336) heap_init: At 600FE010 len 00001FD8 (7 KiB): RTCRAM[0m
[0;32mI (344) spi_flash: detected chip: gd[0m
[0;32mI (347) spi_flash: flash io: dio[0m
[0;33mW (351) spi_flash: Detected size(8192k) larger than the size in the binary image header(2048k). Using the size in the binary image header.[0m
[0;32mI (364) sleep: Configure to isolate all GPIO pins in sleep state[0m
[0;32mI (371) sleep: Enable automatic switching of GPIO sleep configuration[0m
[0;32mI (378) main_task: Started on CPU0[0m
[0;32mI (388) main_task: Calling app_main()[0m
[0;32mI (388) WiFi: Inizializzazione WiFi[0m
[0;32mI (388) pp: pp rom version: e7ae62f[0m
[0;32mI (398) net80211: net80211 rom version: e7ae62f[0m
W (398) wifi:wifi osi_nvs_open fail ret=4353

[0;33mW (408) wifi_init: Failed to unregister Rx callbacks[0m
[0;31mE (408) wifi_init: Failed to deinit Wi-Fi driver (0x3001)[0m
[0;31mE (418) wifi_init: Failed to deinit Wi-Fi (0x3001)[0m
[0;32mI (418) main_task: Returned from app_main()[0m
