ï¿½ï¿½ï¿½Jï¿½ï¿½ï¿½ï¿½ï¿½wifi driver task:ï¿½ESP-ROM:esp32s3-20210327
Build:Mar 27 2021
rst:0x1 (POWERON),boot:0x8 (SPI_FAST_FLASH_BOOT)
SPIWP:0xee
mode:DIO, clock div:1
load:0x3fce3810,len:0x178c
load:0x403c9700,len:0x4
load:0x403c9704,len:0xcbc
load:0x403cc700,len:0x2da0
entry 0x403c9914
[0;32mI (27) boot: ESP-IDF v5.2.1-dirty 2nd stage bootloader[0m
[0;32mI (27) boot: compile time Apr 27 2024 16:00:56[0m
[0;32mI (27) boot: Multicore bootloader[0m
[0;32mI (30) boot: chip revision: v0.2[0m
[0;32mI (34) boot.esp32s3: Boot SPI Speed : 80MHz[0m
[0;32mI (39) boot.esp32s3: SPI Mode       : DIO[0m
[0;32mI (44) boot.esp32s3: SPI Flash Size : 2MB[0m
[0;32mI (48) boot: Enabling RNG early entropy source...[0m
[0;32mI (54) boot: Partition Table:[0m
[0;32mI (57) boot: ## Label            Usage          Type ST Offset   Length[0m
[0;32mI (65) boot:  0 nvs              WiFi data        01 02 00009000 00006000[0m
[0;32mI (72) boot:  1 phy_init         RF data          01 01 0000f000 00001000[0m
[0;32mI (80) boot:  2 factory          factory app      00 00 00010000 00100000[0m
[0;32mI (87) boot: End of partition table[0m
[0;32mI (91) esp_image: segment 0: paddr=00010020 vaddr=3c0a0020 size=26cach (158892) map[0m
[0;32mI (128) esp_image: segment 1: paddr=00036cd4 vaddr=3fc97e00 size=04680h ( 18048) load[0m
[0;32mI (132) esp_image: segment 2: paddr=0003b35c vaddr=40374000 size=04cbch ( 19644) load[0m
[0;32mI (138) esp_image: segment 3: paddr=00040020 vaddr=42000020 size=94850h (608336) map[0m
[0;32mI (252) esp_image: segment 4: paddr=000d4878 vaddr=40378cbc size=0f090h ( 61584) load[0m
[0;32mI (274) boot: Loaded app from partition at offset 0x10000[0m
[0;32mI (274) boot: Disabling RNG early entropy source...[0m
[0;32mI (285) cpu_start: Multicore app[0m
[0;32mI (295) cpu_start: Pro cpu start user code[0m
[0;32mI (295) cpu_start: cpu freq: 160000000 Hz[0m
[0;32mI (295) cpu_start: Application information:[0m
[0;32mI (298) cpu_start: Project name:     wifi_test[0m
[0;32mI (303) cpu_start: App version:      1[0m
[0;32mI (307) cpu_start: Compile time:     Apr 27 2024 16:00:50[0m
[0;32mI (314) cpu_start: ELF file SHA256:  c3112456c...[0m
[0;32mI (319) cpu_start: ESP-IDF:          v5.2.1-dirty[0m
[0;32mI (324) cpu_start: Min chip rev:     v0.0[0m
[0;32mI (329) cpu_start: Max chip rev:     v0.99 [0m
[0;32mI (334) cpu_start: Chip rev:         v0.2[0m
[0;32mI (339) heap_init: Initializing. RAM available for dynamic allocation:[0m
[0;32mI (346) heap_init: At 3FCA04B0 len 00049260 (292 KiB): RAM[0m
[0;32mI (352) heap_init: At 3FCE9710 len 00005724 (21 KiB): RAM[0m
[0;32mI (358) heap_init: At 3FCF0000 len 00008000 (32 KiB): DRAM[0m
[0;32mI (364) heap_init: At 600FE010 len 00001FD8 (7 KiB): RTCRAM[0m
[0;32mI (371) spi_flash: detected chip: gd[0m
[0;32mI (375) spi_flash: flash io: dio[0m
[0;33mW (379) spi_flash: Detected size(8192k) larger than the size in the binary image header(2048k). Using the size in the binary image header.[0m
[0;32mI (392) sleep: Configure to isolate all GPIO pins in sleep state[0m
[0;32mI (399) sleep: Enable automatic switching of GPIO sleep configuration[0m
[0;32mI (406) main_task: Started on CPU0[0m
[0;32mI (416) main_task: Calling app_main()[0m
[0;32mI (436) pp: pp rom version: e7ae62f[0m
[0;32mI (446) net80211: net80211 rom version: e7ae62f[0m
I (456) wifi:wifi driver task: 3fca9584, prio:23, stack:6656, core=0
I (466) wifi:wifi firmware version: a9f5b59
I (466) wifi:wifi certification version: v7.0
I (466) wifi:config NVS flash: enabled
I (466) wifi:config nano formating: disabled
I (466) wifi:Init data frame dynamic rx buffer num: 32
I (476) wifi:Init static rx mgmt buffer num: 5
I (476) wifi:Init management short buffer num: 32
I (486) wifi:Init dynamic tx buffer num: 32
I (486) wifi:Init static tx FG buffer num: 2
I (496) wifi:Init static rx buffer size: 1600
I (496) wifi:Init static rx buffer num: 10
I (496) wifi:Init dynamic rx buffer num: 32
[0;32mI (506) wifi_init: rx ba win: 6[0m
[0;32mI (506) wifi_init: tcpip mbox: 32[0m
[0;32mI (516) wifi_init: udp mbox: 6[0m
[0;32mI (516) wifi_init: tcp mbox: 6[0m
[0;32mI (516) wifi_init: tcp tx win: 5760[0m
[0;32mI (526) wifi_init: tcp rx win: 5760[0m
[0;32mI (526) wifi_init: tcp mss: 1440[0m
[0;32mI (536) wifi_init: WiFi IRAM OP enabled[0m
[0;32mI (536) wifi_init: WiFi RX IRAM OP enabled[0m
[0;32mI (546) phy_init: phy_version 640,cd64a1a,Jan 24 2024,17:28:12[0m
E (586) wifi:failed to post WiFi event=40 ret=259
I (586) wifi:mode : sta (48:27:e2:e1:e0:f8)
I (586) wifi:enable tsf
E (586) wifi:failed to post WiFi event=2 ret=259
[0;32mI (586) Wifi test: Wifi connection...[0m
[0;31mE (586) mqtt_client: Error parse uri = a3236okzt5qv4e-ats.iot.us-east-1.amazonaws.com[0m
[0;32mI (596) Wifi test: Error: can't init client[0m
[0;32mI (606) Wifi test: Completed init client[0m
[0;31mE (606) mqtt_client: Client was not initialized[0m
I (616) wifi:new:<11,0>, old:<1,0>, ap:<255,255>, sta:<11,0>, prof:1
E (616) wifi:failed to post WiFi event=40 ret=259
I (626) wifi:state: init -> auth (b0)
[0;32mI (626) Wifi test: Error: can't start client[0m
[0;32mI (636) Wifi test: Completed start client[0m
[0;32mI (636) Wifi test: Mqtt connection completed[0m
I (636) wifi:state: auth -> assoc (0)
[0;31mE (646) mqtt_client: Client was not initialized[0m
I (646) wifi:state: assoc -> run (10)
[0;32mI (656) main_task: Returned from app_main()[0m
I (666) wifi:connected with TIM-30577277, aid = 8, channel 11, BW20, bssid = d6:b7:09:09:cb:f6
I (666) wifi:security: WPA2-PSK, phy: bgn, rssi: -90
I (676) wifi:pm start, type: 1

I (676) wifi:dp: 1, bi: 102400, li: 3, scale listen interval from 307200 us to 307200 us
I (686) wifi:set rx beacon pti, rx_bcn_pti: 0, bcn_timeout: 25000, mt_pti: 0, mt_time: 10000
E (686) wifi:failed to post WiFi event=4 ret=259
I (716) wifi:AP's beacon interval = 102400 us, DTIM period = 1
