[0;32mI (24ESP-ROM:esp32s3-20210327
Build:Mar 27 2021
rst:0x1 (POWERON),boot:0x8 (SPI_FAST_FLASH_BOOT)
SPIWP:0xee
mode:DIO, clock div:1
load:0x3fce3810,len:0x178c
load:0x403c9700,len:0x4
load:0x403c9704,len:0xcbc
load:0x403cc700,len:0x2da0
entry 0x403c9914
[0;32mI (27) boot: ESP-IDF v5.2.1-dirty 2nd stage bootloader[0m
[0;32mI (27) boot: compile time Apr 27 2024 16:00:56[0m
[0;32mI (27) boot: Multicore bootloader[0m
[0;32mI (30) boot: chip revision: v0.2[0m
[0;32mI (34) boot.esp32s3: Boot SPI Speed : 80MHz[0m
[0;32mI (39) boot.esp32s3: SPI Mode       : DIO[0m
[0;32mI (44) boot.esp32s3: SPI Flash Size : 2MB[0m
[0;32mI (48) boot: Enabling RNG early entropy source...[0m
[0;32mI (54) boot: Partition Table:[0m
[0;32mI (57) boot: ## Label            Usage          Type ST Offset   Length[0m
[0;32mI (65) boot:  0 nvs              WiFi data        01 02 00009000 00006000[0m
[0;32mI (72) boot:  1 phy_init         RF data          01 01 0000f000 00001000[0m
[0;32mI (80) boot:  2 factory          factory app      00 00 00010000 00100000[0m
[0;32mI (87) boot: End of partition table[0m
[0;32mI (91) esp_image: segment 0: paddr=00010020 vaddr=3c080020 size=215a8h (136616) map[0m
[0;32mI (124) esp_image: segment 1: paddr=000315d0 vaddr=3fc97c00 size=04620h ( 17952) load[0m
[0;32mI (128) esp_image: segment 2: paddr=00035bf8 vaddr=40374000 size=0a420h ( 42016) load[0m
[0;32mI (139) esp_image: segment 3: paddr=00040020 vaddr=42000020 size=7b470h (504944) map[0m
[0;32mI (230) esp_image: segment 4: paddr=000bb498 vaddr=4037e420 size=09770h ( 38768) load[0m
[0;32mI (247) boot: Loaded app from partition at offset 0x10000[0m
[0;32mI (247) boot: Disabling RNG early entropy source...[0m
[0;32mI (259) cpu_start: Multicore app[0m
[0;32mI (268) cpu_start: Pro cpu start user code[0m
[0;32mI (268) cpu_start: cpu freq: 160000000 Hz[0m
[0;32mI (269) cpu_start: Application information:[0m
[0;32mI (271) cpu_start: Project name:     wifi_test[0m
[0;32mI (277) cpu_start: App version:      1[0m
[0;32mI (281) cpu_start: Compile time:     Apr 27 2024 16:00:50[0m
[0;32mI (287) cpu_start: ELF file SHA256:  91c4a9779...[0m
[0;32mI (292) cpu_start: ESP-IDF:          v5.2.1-dirty[0m
[0;32mI (298) cpu_start: Min chip rev:     v0.0[0m
[0;32mI (303) cpu_start: Max chip rev:     v0.99 [0m
[0;32mI (307) cpu_start: Chip rev:         v0.2[0m
[0;32mI (312) heap_init: Initializing. RAM available for dynamic allocation:[0m
[0;32mI (319) heap_init: At 3FC9FC70 len 00049AA0 (294 KiB): RAM[0m
[0;32mI (325) heap_init: At 3FCE9710 len 00005724 (21 KiB): RAM[0m
[0;32mI (332) heap_init: At 3FCF0000 len 00008000 (32 KiB): DRAM[0m
[0;32mI (338) heap_init: At 600FE010 len 00001FD8 (7 KiB): RTCRAM[0m
[0;32mI (345) spi_flash: detected chip: gd[0m
[0;32mI (348) spi_flash: flash io: dio[0m
[0;33mW (352) spi_flash: Detected size(8192k) larger than the size in the binary image header(2048k). Using the size in the binary image header.[0m
[0;32mI (366) sleep: Configure to isolate all GPIO pins in sleep state[0m
[0;32mI (372) sleep: Enable automatic switching of GPIO sleep configuration[0m
[0;32mI (380) main_task: Started on CPU0[0m
[0;32mI (390) main_task: Calling app_main()[0m
[0;32mI (410) pp: pp rom version: e7ae62f[0m
[0;32mI (420) net80211: net80211 rom version: e7ae62f[0m
I (430) wifi:wifi driver task: 3fca8cec, prio:23, stack:6656, core=0
I (440) wifi:wifi firmware version: a9f5b59
I (440) wifi:wifi certification version: v7.0
I (440) wifi:config NVS flash: enabled
I (440) wifi:config nano formating: disabled
I (440) wifi:Init data frame dynamic rx buffer num: 32
I (450) wifi:Init static rx mgmt buffer num: 5
I (450) wifi:Init management short buffer num: 32
I (460) wifi:Init dynamic tx buffer num: 32
I (460) wifi:Init static tx FG buffer num: 2
I (470) wifi:Init static rx buffer size: 1600
I (470) wifi:Init static rx buffer num: 10
I (470) wifi:Init dynamic rx buffer num: 32
[0;32mI (480) wifi_init: rx ba win: 6[0m
[0;32mI (480) wifi_init: tcpip mbox: 32[0m
[0;32mI (490) wifi_init: udp mbox: 6[0m
[0;32mI (490) wifi_init: tcp mbox: 6[0m
[0;32mI (490) wifi_init: tcp tx win: 5760[0m
[0;32mI (500) wifi_init: tcp rx win: 5760[0m
[0;32mI (500) wifi_init: tcp mss: 1440[0m
[0;32mI (510) wifi_init: WiFi IRAM OP enabled[0m
[0;32mI (510) wifi_init: WiFi RX IRAM OP enabled[0m
[0;32mI (510) Wifi test: Error: can't add an handler[0m
[0;32mI (520) phy_init: phy_version 640,cd64a1a,Jan 24 2024,17:28:12[0m
E (560) wifi:failed to post WiFi event=40 ret=259
I (560) wifi:mode : sta (48:27:e2:e1:e0:f8)
I (560) wifi:enable tsf
E (560) wifi:failed to post WiFi event=2 ret=259
[0;32mI (570) Wifi test: Wifi connection...[0m
[0;32mI (570) main_task: Returned from app_main()[0m
I (610) wifi:new:<11,0>, old:<1,0>, ap:<255,255>, sta:<11,0>, prof:1
E (610) wifi:failed to post WiFi event=40 ret=259
I (610) wifi:state: init -> auth (b0)
I (1610) wifi:state: auth -> init (200)
I (1620) wifi:new:<11,0>, old:<11,0>, ap:<255,255>, sta:<11,0>, prof:1
E (1620) wifi:failed to post WiFi event=5 ret=259
