 fa2340189...[0m
ï¿½ESP-ROM:esp32s3-20210327
Build:Mar 27 2021
rst:0x1 (POWERON),boot:0x8 (SPI_FAST_FLASH_BOOT)
SPIWP:0xee
mode:DIO, clock div:1
load:0x3fce3810,len:0x178c
load:0x403c9700,len:0x4
load:0x403c9704,len:0xcbc
load:0x403cc700,len:0x2da0
entry 0x403c9914
[0;32mI (27) boot: ESP-IDF v5.2.1-dirty 2nd stage bootloader[0m
[0;32mI (27) boot: compile time Apr 27 2024 16:00:56[0m
[0;32mI (27) boot: Multicore bootloader[0m
[0;32mI (30) boot: chip revision: v0.2[0m
[0;32mI (34) boot.esp32s3: Boot SPI Speed : 80MHz[0m
[0;32mI (39) boot.esp32s3: SPI Mode       : DIO[0m
[0;32mI (44) boot.esp32s3: SPI Flash Size : 2MB[0m
[0;32mI (48) boot: Enabling RNG early entropy source...[0m
[0;32mI (54) boot: Partition Table:[0m
[0;32mI (57) boot: ## Label            Usage          Type ST Offset   Length[0m
[0;32mI (65) boot:  0 nvs              WiFi data        01 02 00009000 00006000[0m
[0;32mI (72) boot:  1 phy_init         RF data          01 01 0000f000 00001000[0m
[0;32mI (80) boot:  2 factory          factory app      00 00 00010000 00100000[0m
[0;32mI (87) boot: End of partition table[0m
[0;32mI (91) esp_image: segment 0: paddr=00010020 vaddr=3c080020 size=218bch (137404) map[0m
[0;32mI (124) esp_image: segment 1: paddr=000318e4 vaddr=3fc97d00 size=04620h ( 17952) load[0m
[0;32mI (128) esp_image: segment 2: paddr=00035f0c vaddr=40374000 size=0a10ch ( 41228) load[0m
[0;32mI (139) esp_image: segment 3: paddr=00040020 vaddr=42000020 size=7b8f4h (506100) map[0m
[0;32mI (230) esp_image: segment 4: paddr=000bb91c vaddr=4037e10c size=09bb0h ( 39856) load[0m
[0;32mI (248) boot: Loaded app from partition at offset 0x10000[0m
[0;32mI (248) boot: Disabling RNG early entropy source...[0m
[0;32mI (259) cpu_start: Multicore app[0m
[0;32mI (269) cpu_start: Pro cpu start user code[0m
[0;32mI (269) cpu_start: cpu freq: 160000000 Hz[0m
[0;32mI (269) cpu_start: Application information:[0m
[0;32mI (272) cpu_start: Project name:     wifi_test[0m
[0;32mI (277) cpu_start: App version:      1[0m
[0;32mI (281) cpu_start: Compile time:     Apr 27 2024 16:00:50[0m
[0;32mI (288) cpu_start: ELF file SHA256:  fa2340189...[0m
[0;32mI (293) cpu_start: ESP-IDF:          v5.2.1-dirty[0m
[0;32mI (298) cpu_start: Min chip rev:     v0.0[0m
[0;32mI (303) cpu_start: Max chip rev:     v0.99 [0m
[0;32mI (308) cpu_start: Chip rev:         v0.2[0m
[0;32mI (313) heap_init: Initializing. RAM available for dynamic allocation:[0m
[0;32mI (320) heap_init: At 3FC9FD70 len 000499A0 (294 KiB): RAM[0m
[0;32mI (326) heap_init: At 3FCE9710 len 00005724 (21 KiB): RAM[0m
[0;32mI (332) heap_init: At 3FCF0000 len 00008000 (32 KiB): DRAM[0m
[0;32mI (338) heap_init: At 600FE010 len 00001FD8 (7 KiB): RTCRAM[0m
[0;32mI (345) spi_flash: detected chip: gd[0m
[0;32mI (349) spi_flash: flash io: dio[0m
[0;33mW (353) spi_flash: Detected size(8192k) larger than the size in the binary image header(2048k). Using the size in the binary image header.[0m
[0;32mI (366) sleep: Configure to isolate all GPIO pins in sleep state[0m
[0;32mI (373) sleep: Enable automatic switching of GPIO sleep configuration[0m
[0;32mI (380) main_task: Started on CPU0[0m
[0;32mI (390) main_task: Calling app_main()[0m
[0;32mI (420) Wifi test: Flash init[0m
[0;32mI (420) Wifi test: Flash init[0m
[0;32mI (420) Wifi test: Flash init[0m
[0;32mI (420) pp: pp rom version: e7ae62f[0m
[0;32mI (420) net80211: net80211 rom version: e7ae62f[0m
I (440) wifi:wifi driver task: 3fca9d8c, prio:23, stack:6656, core=0
I (450) wifi:wifi firmware version: a9f5b59
I (450) wifi:wifi certification version: v7.0
I (450) wifi:config NVS flash: enabled
I (450) wifi:config nano formating: disabled
I (450) wifi:Init data frame dynamic rx buffer num: 32
I (460) wifi:Init static rx mgmt buffer num: 5
I (460) wifi:Init management short buffer num: 32
I (470) wifi:Init dynamic tx buffer num: 32
I (470) wifi:Init static tx FG buffer num: 2
I (480) wifi:Init static rx buffer size: 1600
I (480) wifi:Init static rx buffer num: 10
I (480) wifi:Init dynamic rx buffer num: 32
[0;32mI (490) wifi_init: rx ba win: 6[0m
[0;32mI (490) wifi_init: tcpip mbox: 32[0m
[0;32mI (500) wifi_init: udp mbox: 6[0m
[0;32mI (500) wifi_init: tcp mbox: 6[0m
[0;32mI (500) wifi_init: tcp tx win: 5760[0m
[0;32mI (510) wifi_init: tcp rx win: 5760[0m
[0;32mI (510) wifi_init: tcp mss: 1440[0m
[0;32mI (520) wifi_init: WiFi IRAM OP enabled[0m
[0;32mI (520) wifi_init: WiFi RX IRAM OP enabled[0m
[0;32mI (520) Wifi test: Wifi init[0m
[0;32mI (530) Wifi test: Set mode[0m
[0;32mI (530) Wifi test: Set config[0m
[0;32mI (540) phy_init: phy_version 640,cd64a1a,Jan 24 2024,17:28:12[0m
I (580) wifi:mode : sta (48:27:e2:e1:e0:f8)
I (580) wifi:enable tsf
[0;32mI (580) Wifi test: Wifi connected to router[0m
[0;32mI (580) Wifi test: Wifi start[0m
[0;32mI (580) Wifi test: Wifi connection...[0m
I (590) wifi:new:<6,0>, old:<1,0>, ap:<255,255>, sta:<6,0>, prof:1
I (590) wifi:state: init -> auth (b0)
[0;32mI (600) main_task: Returned from app_main()[0m
I (600) wifi:state: auth -> assoc (0)
I (610) wifi:state: assoc -> run (10)
I (690) wifi:connected with AndroidAPP, aid = 1, channel 6, BW20, bssid = 76:cd:01:ef:bd:4d
I (690) wifi:security: WPA2-PSK, phy: bgn, rssi: -50
I (700) wifi:pm start, type: 1

I (700) wifi:dp: 1, bi: 102400, li: 3, scale listen interval from 307200 us to 307200 us
I (700) wifi:set rx beacon pti, rx_bcn_pti: 0, bcn_timeout: 25000, mt_pti: 0, mt_time: 10000
[0;32mI (710) WiFi: Connesso alla rete WiFi[0m
I (740) wifi:dp: 2, bi: 102400, li: 4, scale listen interval from 307200 us to 409600 us
I (740) wifi:AP's beacon interval = 102400 us, DTIM period = 2
I (49380) wifi:state: run -> init (3c0)
I (49380) wifi:pm stop, total sleep time: 39880724 us / 48683691 us

I (49380) wifi:new:<6,0>, old:<6,0>, ap:<255,255>, sta:<6,0>, prof:1
[0;32mI (49390) WiFi: Disconnesso dalla rete WiFi[0m
ESP-ROM:esp32s3-20210327
Build:Mar 27 2021
rst:0x1 (POWERON),boot:0x8 (SPI_FAST_FLASH_BOOT)
SPIWP:0xee
mode:DIO, clock div:1
load:0x3fce3810,len:0x178c
load:0x403c9700,len:0x4
load:0x403c9704,len:0xcbc
load:0x403cc700,len:0x2da0
entry 0x403c9914
[0;32mI (27) boot: ESP-IDF v5.2.1-dirty 2nd stage bootloader[0m
[0;32mI (27) boot: compile time Apr 27 2024 16:00:56[0m
[0;32mI (27) boot: Multicore bootloader[0m
[0;32mI (30) boot: chip revision: v0.2[0m
[0;32mI (34) boot.esp32s3: Boot SPI Speed : 80MHz[0m
[0;32mI (39) boot.esp32s3: SPI Mode       : DIO[0m
[0;32mI (44) boot.esp32s3: SPI Flash Size : 2MB[0m
[0;32mI (48) boot: Enabling RNG early entropy source...[0m
[0;32mI (54) boot: Partition Table:[0m
[0;32mI (57) boot: ## Label            Usage          Type ST Offset   Length[0m
[0;32mI (65) boot:  0 nvs              WiFi data        01 02 00009000 00006000[0m
[0;32mI (72) boot:  1 phy_init         RF data          01 01 0000f000 00001000[0m
[0;32mI (80) boot:  2 factory          factory app      00 00 00010000 00100000[0m
[0;32mI (87) boot: End of partition table[0m
[0;32mI (91) esp_image: segment 0: paddr=00010020 vaddr=3c080020 size=218bch (137404) map[0m
[0;32mI (124) esp_image: segment 1: paddr=000318e4 vaddr=3fc97d00 size=04620h ( 17952) load[0m
[0;32mI (128) esp_image: segment 2: paddr=00035f0c vaddr=40374000 size=0a10ch ( 41228) load[0m
[0;32mI (139) esp_image: segment 3: paddr=00040020 vaddr=42000020 size=7b8f4h (506100) map[0m
[0;32mI (230) esp_image: segment 4: paddr=000bb91c vaddr=4037e10c size=09bb0h ( 39856) load[0m
[0;32mI (248) boot: Loaded app from partition at offset 0x10000[0m
[0;32mI (248) boot: Disabling RNG early entropy source...[0m
[0;32mI (259) cpu_start: Multicore app[0m
[0;32mI (269) cpu_start: Pro cpu start user code[0m
[0;32mI (269) cpu_start: cpu freq: 160000000 Hz[0m
[0;32mI (269) cpu_start: Application information:[0m
[0;32mI (272) cpu_start: Project name:     wifi_test[0m
[0;32mI (277) cpu_start: App version:      1[0m
[0;32mI (281) cpu_start: Compile time:     Apr 27 2024 16:00:50[0m
[0;32mI (288) cpu_start: ELF file SHA256:  fa2340189...[0m
[0;32mI (293) cpu_start: ESP-IDF:          v5.2.1-dirty[0m
[0;32mI (298) cpu_start: Min chip rev:     v0.0[0m
[0;32mI (303) cpu_start: Max chip rev:     v0.99 [0m
[0;32mI (308) cpu_start: Chip rev:         v0.2[0m
[0;32mI (313) heap_init: Initializing. RAM available for dynamic allocation:[0m
[0;32mI (320) heap_init: At 3FC9FD70 len 000499A0 (294 KiB): RAM[0m
[0;32mI (326) heap_init: At 3FCE9710 len 00005724 (21 KiB): RAM[0m
[0;32mI (332) heap_init: At 3FCF0000 len 00008000 (32 KiB): DRAM[0m
[0;32mI (338) heap_init: At 600FE010 len 00001FD8 (7 KiB): RTCRAM[0m
[0;32mI (345) spi_flash: detected chip: gd[0m
[0;32mI (349) spi_flash: flash io: dio[0m
[0;33mW (353) spi_flash: Detected size(8192k) larger than the size in the binary image header(2048k). Using the size in the binary image header.[0m
[0;32mI (366) sleep: Configure to isolate all GPIO pins in sleep state[0m
[0;32mI (373) sleep: Enable automatic switching of GPIO sleep configuration[0m
[0;32mI (380) main_task: Started on CPU0[0m
[0;32mI (390) main_task: Calling app_main()[0m
[0;32mI (420) Wifi test: Flash init[0m
[0;32mI (420) Wifi test: Flash init[0m
[0;32mI (420) Wifi test: Flash init[0m
[0;32mI (420) pp: pp rom version: e7ae62f[0m
[0;32mI (420) net80211: net80211 rom version: e7ae62f[0m
I (440) wifi:wifi driver task: 3fca9d8c, prio:23, stack:6656, core=0
I (450) wifi:wifi firmware version: a9f5b59
I (450) wifi:wifi certification version: v7.0
I (450) wifi:config NVS flash: enabled
I (450) wifi:config nano formating: disabled
I (450) wifi:Init data frame dynamic rx buffer num: 32
I (460) wifi:Init static rx mgmt buffer num: 5
I (460) wifi:Init management short buffer num: 32
I (470) wifi:Init dynamic tx buffer num: 32
I (470) wifi:Init static tx FG buffer num: 2
I (480) wifi:Init static rx buffer size: 1600
I (480) wifi:Init static rx buffer num: 10
I (480) wifi:Init dynamic rx buffer num: 32
[0;32mI (490) wifi_init: rx ba win: 6[0m
[0;32mI (490) wifi_init: tcpip mbox: 32[0m
[0;32mI (500) wifi_init: udp mbox: 6[0m
[0;32mI (500) wifi_init: tcp mbox: 6[0m
[0;32mI (500) wifi_init: tcp tx win: 5760[0m
[0;32mI (510) wifi_init: tcp rx win: 5760[0m
[0;32mI (510) wifi_init: tcp mss: 1440[0m
[0;32mI (520) wifi_init: WiFi IRAM OP enabled[0m
[0;32mI (520) wifi_init: WiFi RX IRAM OP enabled[0m
[0;32mI (520) Wifi test: Wifi init[0m
[0;32mI (530) Wifi test: Set mode[0m
[0;32mI (530) Wifi test: Set config[0m
[0;32mI (540) phy_init: phy_version 640,cd64a1a,Jan 24 2024,17:28:12[0m
I (590) wifi:mode : sta (48:27:e2:e1:e0:f8)
I (590) wifi:enable tsf
[0;32mI (590) Wifi test: Wifi connected to router[0m
[0;32mI (590) Wifi test: Wifi start[0m
[0;32mI (590) Wifi test: Wifi connection...[0m
[0;32mI (600) main_task: Returned from app_main()[0m
I (1800) wifi:new:<11,0>, old:<1,0>, ap:<255,255>, sta:<11,0>, prof:1
I (1800) wifi:state: init -> auth (b0)
I (1810) wifi:state: auth -> assoc (0)
I (1810) wifi:state: assoc -> run (10)
I (1870) wifi:connected with AndroidAPP, aid = 1, channel 11, BW20, bssid = 76:cd:01:ef:bd:4d
I (1870) wifi:security: WPA2-PSK, phy: bgn, rssi: -52
I (1890) wifi:pm start, type: 1

I (1890) wifi:dp: 1, bi: 102400, li: 3, scale listen interval from 307200 us to 307200 us
I (1890) wifi:set rx beacon pti, rx_bcn_pti: 0, bcn_timeout: 25000, mt_pti: 0, mt_time: 10000
I (1900) wifi:dp: 2, bi: 102400, li: 4, scale listen interval from 307200 us to 409600 us
I (1910) wifi:AP's beacon interval = 102400 us, DTIM period = 2
[0;32mI (1920) WiFi: Connesso alla rete WiFi[0m
