ESP-ROM:esp32s3-20210327
Build:Mar 27 2021
rst:0x1 (POWERON),boot:0x8 (SPI_FAST_FLASH_BOOT)
SPIWP:0xee
mode:DIO, clock div:1
load:0x3fce3810,len:0x178c
load:0x403c9700,len:0x4
load:0x403c9704,len:0xcbc
load:0x403cc700,len:0x2da0
entry 0x403c9914
[0;32mI (27) boot: ESP-IDF v5.2.1-dirty 2nd stage bootloader[0m
[0;32mI (27) boot: compile time Apr 27 2024 16:00:56[0m
[0;32mI (27) boot: Multicore bootloader[0m
[0;32mI (30) boot: chip revision: v0.2[0m
[0;32mI (34) boot.esp32s3: Boot SPI Speed : 80MHz[0m
[0;32mI (39) boot.esp32s3: SPI Mode       : DIO[0m
[0;32mI (44) boot.esp32s3: SPI Flash Size : 2MB[0m
[0;32mI (48) boot: Enabling RNG early entropy source...[0m
[0;32mI (54) boot: Partition Table:[0m
[0;32mI (57) boot: ## Label            Usage          Type ST Offset   Length[0m
[0;32mI (65) boot:  0 nvs              WiFi data        01 02 00009000 00006000[0m
[0;32mI (72) boot:  1 phy_init         RF data          01 01 0000f000 00001000[0m
[0;32mI (80) boot:  2 factory          factory app      00 00 00010000 00100000[0m
[0;32mI (87) boot: End of partition table[0m
[0;32mI (91) esp_image: segment 0: paddr=00010020 vaddr=3c070020 size=1d754h (120660) map[0m
[0;32mI (121) esp_image: segment 1: paddr=0002d77c vaddr=3fc97500 size=0289ch ( 10396) load[0m
[0;32mI (124) esp_image: segment 2: paddr=00030020 vaddr=42000020 size=670a4h (422052) map[0m
[0;32mI (203) esp_image: segment 3: paddr=000970cc vaddr=3fc99d9c size=01d4ch (  7500) load[0m
[0;32mI (205) esp_image: segment 4: paddr=00098e20 vaddr=40374000 size=134c8h ( 79048) load[0m
[0;32mI (234) boot: Loaded app from partition at offset 0x10000[0m
[0;32mI (234) boot: Disabling RNG early entropy source...[0m
[0;32mI (245) cpu_start: Multicore app[0m
[0;32mI (255) cpu_start: Pro cpu start user code[0m
[0;32mI (255) cpu_start: cpu freq: 160000000 Hz[0m
[0;32mI (255) cpu_start: Application information:[0m
[0;32mI (258) cpu_start: Project name:     wifi_test[0m
[0;32mI (263) cpu_start: App version:      1[0m
[0;32mI (268) cpu_start: Compile time:     Apr 27 2024 16:00:50[0m
[0;32mI (274) cpu_start: ELF file SHA256:  1c673938d...[0m
[0;32mI (279) cpu_start: ESP-IDF:          v5.2.1-dirty[0m
[0;32mI (285) cpu_start: Min chip rev:     v0.0[0m
[0;32mI (289) cpu_start: Max chip rev:     v0.99 [0m
[0;32mI (294) cpu_start: Chip rev:         v0.2[0m
[0;32mI (299) heap_init: Initializing. RAM available for dynamic allocation:[0m
[0;32mI (306) heap_init: At 3FC9EB70 len 0004ABA0 (298 KiB): RAM[0m
[0;32mI (312) heap_init: At 3FCE9710 len 00005724 (21 KiB): RAM[0m
[0;32mI (318) heap_init: At 3FCF0000 len 00008000 (32 KiB): DRAM[0m
[0;32mI (324) heap_init: At 600FE010 len 00001FD8 (7 KiB): RTCRAM[0m
[0;32mI (332) spi_flash: detected chip: gd[0m
[0;32mI (335) spi_flash: flash io: dio[0m
[0;33mW (339) spi_flash: Detected size(8192k) larger than the size in the binary image header(2048k). Using the size in the binary image header.[0m
[0;32mI (352) sleep: Configure to isolate all GPIO pins in sleep state[0m
[0;32mI (359) sleep: Enable automatic switching of GPIO sleep configuration[0m
[0;32mI (366) main_task: Started on CPU0[0m
[0;32mI (376) main_task: Calling app_main()[0m
config is NULL
[0;33mW (376) wifi_init: Failed to unregister Rx callbacks[0m
[0;31mE (386) wifi_init: Failed to deinit Wi-Fi driver (0x3001)[0m
[0;31mE (386) wifi_init: Failed to deinit Wi-Fi (0x3001)[0m
[0;32mI (396) Wifi test: Error: wifi initialization error 258[0m
[0;32mI (396) Wifi test: Error: wifi setting mode[0m
[0;32mI (406) Wifi test: Error: wifi setting configuration[0m
[0;32mI (406) Wifi test: Error: wifi init[0m
[0;32mI (416) Wifi test: Wifi connection...[0m
[0;32mI (416) main_task: Returned from app_main()[0m
