ESP-ROM:esp32s3-20210327
Build:Mar 27 2021
rst:0x1 (POWERON),boot:0x8 (SPI_FAST_FLASH_BOOT)
SPIWP:0xee
mode:DIO, clock div:1
load:0x3fce2810,len:0x178c
load:0x403c8700,len:0x4
load:0x403c8704,len:0xcb8
load:0x403cb700,len:0x2d9c
entry 0x403c8914
[0;32mI (27) boot: ESP-IDF v5.3-dev-2265-gfdb7a43752 2nd stage bootloader[0m
[0;32mI (27) boot: compile time Apr 16 2024 19:45:07[0m
[0;32mI (27) boot: Multicore bootloader[0m
[0;32mI (32) boot: chip revision: v0.1[0m
[0;32mI (35) boot.esp32s3: Boot SPI Speed : 80MHz[0m
[0;32mI (40) boot.esp32s3: SPI Mode       : DIO[0m
[0;32mI (45) boot.esp32s3: SPI Flash Size : 2MB[0m
[0;32mI (50) boot: Enabling RNG early entropy source...[0m
[0;32mI (55) boot: Partition Table:[0m
[0;32mI (59) boot: ## Label            Usage          Type ST Offset   Length[0m
[0;32mI (66) boot:  0 nvs              WiFi data        01 02 00009000 00006000[0m
[0;32mI (73) boot:  1 phy_init         RF data          01 01 0000f000 00001000[0m
[0;32mI (81) boot:  2 factory          factory app      00 00 00010000 00100000[0m
[0;32mI (88) boot: End of partition table[0m
[0;32mI (92) esp_image: segment 0: paddr=00010020 vaddr=3c020020 size=0cc1ch ( 52252) map[0m
[0;32mI (110) esp_image: segment 1: paddr=0001cc44 vaddr=3fc91900 size=02914h ( 10516) load[0m
[0;32mI (113) esp_image: segment 2: paddr=0001f560 vaddr=40374000 size=00ab8h (  2744) load[0m
[0;32mI (118) esp_image: segment 3: paddr=00020020 vaddr=42000020 size=189f8h (100856) map[0m
[0;32mI (144) esp_image: segment 4: paddr=00038a20 vaddr=40374ab8 size=0ce28h ( 52776) load[0m
[0;32mI (162) boot: Loaded app from partition at offset 0x10000[0m
[0;32mI (162) boot: Disabling RNG early entropy source...[0m
[0;32mI (173) cpu_start: Multicore app[0m
[0;32mI (183) cpu_start: Pro cpu start user code[0m
[0;32mI (183) cpu_start: cpu freq: 160000000 Hz[0m
[0;32mI (183) app_init: Application information:[0m
[0;32mI (186) app_init: Project name:     air[0m
[0;32mI (191) app_init: App version:      3423193-dirty[0m
[0;32mI (196) app_init: Compile time:     Apr 21 2024 19:45:33[0m
[0;32mI (202) app_init: ELF file SHA256:  5f0f32ee6...[0m
[0;32mI (207) app_init: ESP-IDF:          v5.3-dev-2265-gfdb7a43752[0m
[0;32mI (214) app_init: Min chip rev:     v0.0[0m
[0;32mI (218) app_init: Max chip rev:     v0.99 [0m
[0;32mI (223) app_init: Chip rev:         v0.1[0m
[0;32mI (228) heap_init: Initializing. RAM available for dynamic allocation:[0m
[0;32mI (235) heap_init: At 3FC94AF0 len 00054C20 (339 KiB): RAM[0m
[0;32mI (241) heap_init: At 3FCE9710 len 00005724 (21 KiB): RAM[0m
[0;32mI (247) heap_init: At 3FCF0000 len 00008000 (32 KiB): DRAM[0m
[0;32mI (253) heap_init: At 600FE010 len 00001FD8 (7 KiB): RTCRAM[0m
[0;32mI (261) spi_flash: detected chip: gd[0m
[0;32mI (264) spi_flash: flash io: dio[0m
[0;33mW (268) spi_flash: Detected size(8192k) larger than the size in the binary image header(2048k). Using the size in the binary image header.[0m
[0;32mI (281) sleep: Configure to isolate all GPIO pins in sleep state[0m
[0;32mI (288) sleep: Enable automatic switching of GPIO sleep configuration[0m
[0;32mI (295) main_task: Started on CPU0[0m
[0;32mI (315) main_task: Calling app_main()[0m
[0;32mI (315) FAN_TEST: Fan: 1[0m
[0;32mI (315) main_task: Returned from app_main()[0m
[0;32mI (2815) FAN_TEST: Fan: 0[0m
[0;32mI (5315) FAN_TEST: Fan: 1[0m
[0;32mI (7815) FAN_TEST: Fan: 0[0m
[0;32mI (10315) FAN_TEST: Fan: 1[0m
[0;32mI (12815) FAN_TEST: Fan: 0[0m
[0;32mI (15315) FAN_TEST: Fan: 1[0m
[0;32mI (17815) FAN_TEST: Fan: 0[0m
[0;32mI (20315) FAN_TEST: Fan: 1[0m
[0;32mI (22815) FAN_TEST: Fan: 0[0m
[0;32mI (25315) FAN_TEST: Fan: 1[0m
[0;32mI (27815) FAN_TEST: Fan: 0[0m
[0;32mI (30315) FAN_TEST: Fan: 1[0m
[0;32mI (32815) FAN_TEST: Fan: 0[0m
[0;32mI (35315) FAN_TEST: Fan: 1[0m
[0;32mI (37815) FAN_TEST: Fan: 0[0m
[0;32mI (40315) FAN_TEST: Fan: 1[0m
[0;32mI (42815) FAN_TEST: Fan: 0[0m
[0;32mI (45315) FAN_TEST: Fan: 1[0m
[0;32mI (47815) FAN_TEST: Fan: 0[0m
[0;32mI (50315) FAN_TEST: Fan: 1[0m
[0;32mI (52815) FAN_TEST: Fan: 0[0m
[0;32mI (55315) FAN_TEST: Fan: 1[0m
[0;32mI (57815) FAN_TEST: Fan: 0[0m
[0;32mI (60315) FAN_TEST: Fan: 1[0m
[0;32mI (62815) FAN_TEST: Fan: 0[0m
[0;32mI (65315) FAN_TEST: Fan: 1[0m
[0;32mI (67815) FAN_TEST: Fan: 0[0m
[0;32mI (70315) FAN_TEST: Fan: 1[0m
[0;32mI (72815) FAN_TEST: Fan: 0[0m
[0;32mI (75315) FAN_TEST: Fan: 1[0m
[0;32mI (77815) FAN_TEST: Fan: 0[0m
[0;32mI (80315) FAN_TEST: Fan: 1[0m
[0;32mI (82815) FAN_TEST: Fan: 0[0m
[0;32mI (85315) FAN_TEST: Fan: 1[0m
[0;32mI (87815) FAN_TEST: Fan: 0[0m
[0;32mI (90315) FAN_TEST: Fan: 1[0m
[0;32mI (92815) FAN_TEST: Fan: 0[0m
[0;32mI (95315) FAN_TEST: Fan: 1[0m
[0;32mI (97815) FAN_TEST: Fan: 0[0m
[0;32mI (100315) FAN_TEST: Fan: 1[0m
[0;32mI (102815) FAN_TEST: Fan: 0[0m
[0;32mI (105315) FAN_TEST: Fan: 1[0m
[0;32mI (107815) FAN_TEST: Fan: 0[0m
[0;32mI (110315) FAN_TEST: Fan: 1[0m
[0;32mI (112815) FAN_TEST: Fan: 0[0m
[0;32mI (115315) FAN_TEST: Fan: 1[0m
[0;32mI (117815) FAN_TEST: Fan: 0[0m
[0;32mI (120315) FAN_TEST: Fan: 1[0m
[0;32mI (122815) FAN_TEST: Fan: 0[0m
[0;32mI (125315) FAN_TEST: Fan: 1[0m
[0;32mI (127815) FAN_TEST: Fan: 0[0m
[0;32mI (130315) FAN_TEST: Fan: 1[0m
[0;32mI (132815) FAN_TEST: Fan: 0[0m
[0;32mI (135315) FAN_TEST: Fan: 1[0m
[0;32mI (137815) FAN_TEST: Fan: 0[0m
[0;32mI (140315) FAN_TEST: Fan: 1[0m
[0;32mI (142815) FAN_TEST: Fan: 0[0m
[0;32mI (145315) FAN_TEST: Fan: 1[0m
[0;32mI (147815) FAN_TEST: Fan: 0[0m
[0;32mI (150315) FAN_TEST: Fan: 1[0m
[0;32mI (152815) FAN_TEST: Fan: 0[0m
[0;32mI (155315) FAN_TEST: Fan: 1[0m
[0;32mI (157815) FAN_TEST: Fan: 0[0m
[0;32mI (160315) FAN_TEST: Fan: 1[0m
[0;32mI (162815) FAN_TEST: Fan: 0[0m
[0;32mI (165315) FAN_TEST: Fan: 1[0m
[0;32mI (167815) FAN_TEST: Fan: 0[0m
[0;32mI (170315) FAN_TEST: Fan: 1[0m
[0;32mI (172815) FAN_TEST: Fan: 0[0m
[0;32mI (175315) FAN_TEST: Fan: 1[0m
[0;32mI (177815) FAN_TEST: Fan: 0[0m
[0;32mI (180315) FAN_TEST: Fan: 1[0m
[0;32mI (182815) FAN_TEST: Fan: 0[0m
[0;32mI (185315) FAN_TEST: Fan: 1[0m
[0;32mI (187815) FAN_TEST: Fan: 0[0m
[0;32mI (190315) FAN_TEST: Fan: 1[0m
[0;32mI (192815) FAN_TEST: Fan: 0[0m
[0;32mI (195315) FAN_TEST: Fan: 1[0m
[0;32mI (197815) FAN_TEST: Fan: 0[0m
[0;32mI (200315) FAN_TEST: Fan: 1[0m
[0;32mI (202815) FAN_TEST: Fan: 0[0m
[0;32mI (205315) FAN_TEST: Fan: 1[0m
[0;32mI (207815) FAN_TEST: Fan: 0[0m
[0;32mI (210315) FAN_TEST: Fan: 1[0m
[0;32mI (212815) FAN_TEST: Fan: 0[0m
[0;32mI (215315) FAN_TEST: Fan: 1[0m
[0;32mI (217815) FAN_TEST: Fan: 0[0m
[0;32mI (220315) FAN_TEST: Fan: 1[0m
[0;32mI (222815) FAN_TEST: Fan: 0[0m
[0;32mI (225315) FAN_TEST: Fan: 1[0m
[0;32mI (227815) FAN_TEST: Fan: 0[0m
[0;32mI (230315) FAN_TEST: Fan: 1[0m
[0;32mI (232815) FAN_TEST: Fan: 0[0m
[0;32mI (235315) FAN_TEST: Fan: 1[0m
[0;32mI (237815) FAN_TEST: Fan: 0[0m
[0;32mI (240315) FAN_TEST: Fan: 1[0m
[0;32mI (242815) FAN_TEST: Fan: 0[0m
[0;32mI (245315) FAN_TEST: Fan: 1[0m
[0;32mI (247815) FAN_TEST: Fan: 0[0m
[0;32mI (250315) FAN_TEST: Fan: 1[0m
[0;32mI (252815) FAN_TEST: Fan: 0[0m
[0;32mI (255315) FAN_TEST: Fan: 1[0m
[0;32mI (257815) FAN_TEST: Fan: 0[0m
[0;32mI (260315) FAN_TEST: Fan: 1[0m
[0;32mI (262815) FAN_TEST: Fan: 0[0m
[0;32mI (265315) FAN_TEST: Fan: 1[0m
[0;32mI (267815) FAN_TEST: Fan: 0[0m
[0;32mI (270315) FAN_TEST: Fan: 1[0m
[0;32mI (272815) FAN_TEST: Fan: 0[0m
[0;32mI (275315) FAN_TEST: Fan: 1[0m
[0;32mI (277815) FAN_TEST: Fan: 0[0m
[0;32mI (280315) FAN_TEST: Fan: 1[0m
[0;32mI (282815) FAN_TEST: Fan: 0[0m
[0;32mI (285315) FAN_TEST: Fan: 1[0m
[0;32mI (287815) FAN_TEST: Fan: 0[0m
[0;32mI (290315) FAN_TEST: Fan: 1[0m
[0;32mI (292815) FAN_TEST: Fan: 0[0m
[0;32mI (295315) FAN_TEST: Fan: 1[0m
[0;32mI (297815) FAN_TEST: Fan: 0[0m
[0;32mI (300315) FAN_TEST: Fan: 1[0m
[0;32mI (302815) FAN_TEST: Fan: 0[0m
[0;32mI (305315) FAN_TEST: Fan: 1[0m
[0;32mI (307815) FAN_TEST: Fan: 0[0m
[0;32mI (310315) FAN_TEST: Fan: 1[0m
[0;32mI (312815) FAN_TEST: Fan: 0[0m
[0;32mI (315315) FAN_TEST: Fan: 1[0m
[0;32mI (317815) FAN_TEST: Fan: 0[0m
[0;32mI (320315) FAN_TEST: Fan: 1[0m
[0;32mI (322815) FAN_TEST: Fan: 0[0m
[0;32mI (325315) FAN_TEST: Fan: 1[0m
[0;32mI (327815) FAN_TEST: Fan: 0[0m
[0;32mI (330315) FAN_TEST: Fan: 1[0m
[0;32mI (332815) FAN_TEST: Fan: 0[0m
[0;32mI (335315) FAN_TEST: Fan: 1[0m
[0;32mI (337815) FAN_TEST: Fan: 0[0m
[0;32mI (340315) FAN_TEST: Fan: 1[0m
[0;32mI (342815) FAN_TEST: Fan: 0[0m
[0;32mI (345315) FAN_TEST: Fan: 1[0m
[0;32mI (347815) FAN_TEST: Fan: 0[0m
[0;32mI (350315) FAN_TEST: Fan: 1[0m
[0;32mI (352815) FAN_TEST: Fan: 0[0m
[0;32mI (355315) FAN_TEST: Fan: 1[0m
[0;32mI (357815) FAN_TEST: Fan: 0[0m
[0;32mI (360315) FAN_TEST: Fan: 1[0m
[0;32mI (362815) FAN_TEST: Fan: 0[0m
[0;32mI (365315) FAN_TEST: Fan: 1[0m
[0;32mI (367815) FAN_TEST: Fan: 0[0m
[0;32mI (370315) FAN_TEST: Fan: 1[0m
[0;32mI (372815) FAN_TEST: Fan: 0[0m
[0;32mI (375315) FAN_TEST: Fan: 1[0m
[0;32mI (377815) FAN_TEST: Fan: 0[0m
[0;32mI (380315) FAN_TEST: Fan: 1[0m
[0;32mI (382815) FAN_TEST: Fan: 0[0m
[0;32mI (385315) FAN_TEST: Fan: 1[0m
[0;32mI (387815) FAN_TEST: Fan: 0[0m
[0;32mI (390315) FAN_TEST: Fan: 1[0m
[0;32mI (392815) FAN_TEST: Fan: 0[0m
[0;32mI (395315) FAN_TEST: Fan: 1[0m
[0;32mI (397815) FAN_TEST: Fan: 0[0m
[0;32mI (400315) FAN_TEST: Fan: 1[0m
[0;32mI (402815) FAN_TEST: Fan: 0[0m
[0;32mI (405315) FAN_TEST: Fan: 1[0m
[0;32mI (407815) FAN_TEST: Fan: 0[0m
[0;32mI (410315) FAN_TEST: Fan: 1[0m
[0;32mI (412815) FAN_TEST: Fan: 0[0m
[0;32mI (415315) FAN_TEST: Fan: 1[0m
[0;32mI (417815) FAN_TEST: Fan: 0[0m
[0;32mI (420315) FAN_TEST: Fan: 1[0m
[0;32mI (422815) FAN_TEST: Fan: 0[0m
[0;32mI (425315) FAN_TEST: Fan: 1[0m
[0;32mI (427815) FAN_TEST: Fan: 0[0m
[0;32mI (430315) FAN_TEST: Fan: 1[0m
[0;32mI (432815) FAN_TEST: Fan: 0[0m
[0;32mI (435315) FAN_TEST: Fan: 1[0m
[0;32mI (437815) FAN_TEST: Fan: 0[0m
[0;32mI (440315) FAN_TEST: Fan: 1[0m
[0;32mI (442815) FAN_TEST: Fan: 0[0m
[0;32mI (445315) FAN_TEST: Fan: 1[0m
[0;32mI (447815) FAN_TEST: Fan: 0[0m
[0;32mI (450315) FAN_TEST: Fan: 1[0m
[0;32mI (452815) FAN_TEST: Fan: 0[0m
[0;32mI (455315) FAN_TEST: Fan: 1[0m
