ESP-ROM:esp32s3-20210327
Build:Mar 27 2021
rst:0x1 (POWERON),boot:0x29 (SPI_FAST_FLASH_BOOT)
SPIWP:0xee
mode:DIO, clock div:1
load:0x3fce3810,len:0x178c
load:0x403c9700,len:0x4
load:0x403c9704,len:0xcbc
load:0x403cc700,len:0x2da0
entry 0x403c9914
[0;32mI (27) boot: ESP-IDF v5.2.1-dirty 2nd stage bootloader[0m
[0;32mI (27) boot: compile time Apr 23 2024 14:15:47[0m
[0;32mI (27) boot: Multicore bootloader[0m
[0;32mI (30) boot: chip revision: v0.2[0m
[0;32mI (34) boot.esp32s3: Boot SPI Speed : 80MHz[0m
[0;32mI (39) boot.esp32s3: SPI Mode       : DIO[0m
[0;32mI (44) boot.esp32s3: SPI Flash Size : 2MB[0m
[0;32mI (49) boot: Enabling RNG early entropy source...[0m
[0;32mI (54) boot: Partition Table:[0m
[0;32mI (58) boot: ## Label            Usage          Type ST Offset   Length[0m
[0;32mI (65) boot:  0 nvs              WiFi data        01 02 00009000 00006000[0m
[0;32mI (72) boot:  1 phy_init         RF data          01 01 0000f000 00001000[0m
[0;32mI (80) boot:  2 factory          factory app      00 00 00010000 00100000[0m
[0;32mI (87) boot: End of partition table[0m
[0;32mI (91) esp_image: segment 0: paddr=00010020 vaddr=3c020020 size=0dcfch ( 56572) map[0m
[0;32mI (110) esp_image: segment 1: paddr=0001dd24 vaddr=3fc91d00 size=022f4h (  8948) load[0m
[0;32mI (112) esp_image: segment 2: paddr=00020020 vaddr=42000020 size=1aa30h (109104) map[0m
[0;32mI (136) esp_image: segment 3: paddr=0003aa58 vaddr=3fc93ff4 size=0066ch (  1644) load[0m
[0;32mI (137) esp_image: segment 4: paddr=0003b0cc vaddr=40374000 size=0dcf0h ( 56560) load[0m
[0;32mI (160) boot: Loaded app from partition at offset 0x10000[0m
[0;32mI (160) boot: Disabling RNG early entropy source...[0m
[0;32mI (172) cpu_start: Multicore app[0m
[0;32mI (181) cpu_start: Pro cpu start user code[0m
[0;32mI (181) cpu_start: cpu freq: 160000000 Hz[0m
[0;32mI (181) cpu_start: Application information:[0m
[0;32mI (184) cpu_start: Project name:     air[0m
[0;32mI (189) cpu_start: App version:      96a10db-dirty[0m
[0;32mI (194) cpu_start: Compile time:     Apr 23 2024 19:04:27[0m
[0;32mI (200) cpu_start: ELF file SHA256:  5860a4248...[0m
[0;32mI (206) cpu_start: ESP-IDF:          v5.2.1-dirty[0m
[0;32mI (211) cpu_start: Min chip rev:     v0.0[0m
[0;32mI (216) cpu_start: Max chip rev:     v0.99 [0m
[0;32mI (221) cpu_start: Chip rev:         v0.2[0m
[0;32mI (226) heap_init: Initializing. RAM available for dynamic allocation:[0m
[0;32mI (233) heap_init: At 3FC94F78 len 00054798 (337 KiB): RAM[0m
[0;32mI (239) heap_init: At 3FCE9710 len 00005724 (21 KiB): RAM[0m
[0;32mI (245) heap_init: At 3FCF0000 len 00008000 (32 KiB): DRAM[0m
[0;32mI (251) heap_init: At 600FE010 len 00001FD8 (7 KiB): RTCRAM[0m
[0;32mI (258) spi_flash: detected chip: gd[0m
[0;32mI (262) spi_flash: flash io: dio[0m
[0;33mW (265) spi_flash: Detected size(8192k) larger than the size in the binary image header(2048k). Using the size in the binary image header.[0m
[0;33mW (279) ADC: legacy driver is deprecated, please migrate to `esp_adc/adc_oneshot.h`[0m
[0;32mI (287) sleep: Configure to isolate all GPIO pins in sleep state[0m
[0;32mI (294) sleep: Enable automatic switching of GPIO sleep configuration[0m
[0;32mI (301) main_task: Started on CPU0[0m
[0;32mI (311) main_task: Calling app_main()[0m
Pin 0
ADC1 CHANNEL 0: 3082 mV
Pin 0
ADC1 CHANNEL 0: 26 mV
Pin 0
ADC1 CHANNEL 0: 28 mV
Pin 0
ADC1 CHANNEL 0: 23 mV
Pin 0
ADC1 CHANNEL 0: 21 mV
Pin 0
ADC1 CHANNEL 0: 26 mV
Pin 0
ADC1 CHANNEL 0: 24 mV
Pin 0
ADC1 CHANNEL 0: 26 mV
Pin 0
ADC1 CHANNEL 0: 31 mV
Pin 0
ADC1 CHANNEL 0: 34 mV
Pin 0
ADC1 CHANNEL 0: 34 mV
Pin 0
ADC1 CHANNEL 0: 29 mV
Pin 0
ADC1 CHANNEL 0: 24 mV
Pin 0
ADC1 CHANNEL 0: 26 mV
Pin 0
ADC1 CHANNEL 0: 25 mV
Pin 0
ADC1 CHANNEL 0: 29 mV
Pin 0
ADC1 CHANNEL 0: 28 mV
Pin 0
ADC1 CHANNEL 0: 24 mV
Pin 0
ADC1 CHANNEL 0: 24 mV
