 size=0cef8h (ï¿½ESP-ROM:esp32s3-20210327
Build:Mar 27 2021
rst:0x1 (POWERON),boot:0x8 (SPI_FAST_FLASH_BOOT)
SPIWP:0xee
mode:DIO, clock div:1
load:0x3fce2810,len:0x178c
load:0x403c8700,len:0x4
load:0x403c8704,len:0xcb8
load:0x403cb700,len:0x2d9c
entry 0x403c8914
[0;32mI (27) boot: ESP-IDF v5.3-dev-2265-gfdb7a43752 2nd stage bootloader[0m
[0;32mI (27) boot: compile time Apr 25 2024 10:24:22[0m
[0;32mI (27) boot: Multicore bootloader[0m
[0;32mI (32) boot: chip revision: v0.1[0m
[0;32mI (35) boot.esp32s3: Boot SPI Speed : 80MHz[0m
[0;32mI (40) boot.esp32s3: SPI Mode       : DIO[0m
[0;32mI (45) boot.esp32s3: SPI Flash Size : 2MB[0m
[0;32mI (50) boot: Enabling RNG early entropy source...[0m
[0;32mI (55) boot: Partition Table:[0m
[0;32mI (59) boot: ## Label            Usage          Type ST Offset   Length[0m
[0;32mI (66) boot:  0 nvs              WiFi data        01 02 00009000 00006000[0m
[0;32mI (73) boot:  1 phy_init         RF data          01 01 0000f000 00001000[0m
[0;32mI (81) boot:  2 factory          factory app      00 00 00010000 00100000[0m
[0;32mI (88) boot: End of partition table[0m
[0;32mI (92) esp_image: segment 0: paddr=00010020 vaddr=3c020020 size=0cc9ch ( 52380) map[0m
[0;32mI (110) esp_image: segment 1: paddr=0001ccc4 vaddr=3fc91a00 size=02914h ( 10516) load[0m
[0;32mI (113) esp_image: segment 2: paddr=0001f5e0 vaddr=40374000 size=00a38h (  2616) load[0m
[0;32mI (118) esp_image: segment 3: paddr=00020020 vaddr=42000020 size=18b44h (101188) map[0m
[0;32mI (144) esp_image: segment 4: paddr=00038b6c vaddr=40374a38 size=0cef8h ( 52984) load[0m
[0;32mI (162) boot: Loaded app from partition at offset 0x10000[0m
[0;32mI (162) boot: Disabling RNG early entropy source...[0m
[0;32mI (173) cpu_start: Multicore app[0m
[0;32mI (183) cpu_start: Pro cpu start user code[0m
[0;32mI (183) cpu_start: cpu freq: 160000000 Hz[0m
[0;32mI (183) app_init: Application information:[0m
[0;32mI (186) app_init: Project name:     air[0m
[0;32mI (191) app_init: App version:      39ed178-dirty[0m
[0;32mI (196) app_init: Compile time:     Apr 25 2024 10:24:17[0m
[0;32mI (202) app_init: ELF file SHA256:  7d9f88197...[0m
[0;32mI (207) app_init: ESP-IDF:          v5.3-dev-2265-gfdb7a43752[0m
[0;32mI (214) app_init: Min chip rev:     v0.0[0m
[0;32mI (218) app_init: Max chip rev:     v0.99 [0m
[0;32mI (223) app_init: Chip rev:         v0.1[0m
[0;32mI (228) heap_init: Initializing. RAM available for dynamic allocation:[0m
[0;32mI (235) heap_init: At 3FC94BF8 len 00054B18 (338 KiB): RAM[0m
[0;32mI (241) heap_init: At 3FCE9710 len 00005724 (21 KiB): RAM[0m
[0;32mI (247) heap_init: At 3FCF0000 len 00008000 (32 KiB): DRAM[0m
[0;32mI (253) heap_init: At 600FE010 len 00001FD8 (7 KiB): RTCRAM[0m
[0;32mI (261) spi_flash: detected chip: gd[0m
[0;32mI (264) spi_flash: flash io: dio[0m
[0;33mW (268) spi_flash: Detected size(8192k) larger than the size in the binary image header(2048k). Using the size in the binary image header.[0m
[0;32mI (281) sleep: Configure to isolate all GPIO pins in sleep state[0m
[0;32mI (288) sleep: Enable automatic switching of GPIO sleep configuration[0m
[0;32mI (295) main_task: Started on CPU0[0m
[0;32mI (315) main_task: Calling app_main()[0m
Low temperature, fan needed for HEATING the room
Fan: on
[0;32mI (315) main_task: Returned from app_main()[0m
Good temperature, fan not needed
Fan: off
[0;31mE (10315) FreeRTOS: FreeRTOS Task "Controllo Vento" should not return, Aborting now![0m

abort() was called at PC 0x4037a1fb on core 0


Backtrace: 0x40375962:0x3fc99860 0x40379979:0x3fc99880 0x4037f8d1:0x3fc998a0 0x4037a1fb:0x3fc99910




ELF file SHA256: 7d9f88197

Rebooting...
ESP-ROM:esp32s3-20210327
Build:Mar 27 2021
rst:0xc (RTC_SW_CPU_RST),boot:0x8 (SPI_FAST_FLASH_BOOT)
Saved PC:0x4037589c
SPIWP:0xee
mode:DIO, clock div:1
load:0x3fce2810,len:0x178c
load:0x403c8700,len:0x4
load:0x403c8704,len:0xcb8
load:0x403cb700,len:0x2d9c
entry 0x403c8914
[0;32mI (31) boot: ESP-IDF v5.3-dev-2265-gfdb7a43752 2nd stage bootloader[0m
[0;32mI (31) boot: compile time Apr 25 2024 10:24:22[0m
[0;32mI (32) boot: Multicore bootloader[0m
[0;32mI (36) boot: chip revision: v0.1[0m
[0;32mI (40) boot.esp32s3: Boot SPI Speed : 80MHz[0m
[0;32mI (45) boot.esp32s3: SPI Mode       : DIO[0m
[0;32mI (49) boot.esp32s3: SPI Flash Size : 2MB[0m
[0;32mI (54) boot: Enabling RNG early entropy source...[0m
[0;32mI (59) boot: Partition Table:[0m
[0;32mI (63) boot: ## Label            Usage          Type ST Offset   Length[0m
[0;32mI (70) boot:  0 nvs              WiFi data        01 02 00009000 00006000[0m
[0;32mI (78) boot:  1 phy_init         RF data          01 01 0000f000 00001000[0m
[0;32mI (85) boot:  2 factory          factory app      00 00 00010000 00100000[0m
[0;32mI (93) boot: End of partition table[0m
[0;32mI (97) esp_image: segment 0: paddr=00010020 vaddr=3c020020 size=0cc9ch ( 52380) map[0m
[0;32mI (115) esp_image: segment 1: paddr=0001ccc4 vaddr=3fc91a00 size=02914h ( 10516) load[0m
[0;32mI (117) esp_image: segment 2: paddr=0001f5e0 vaddr=40374000 size=00a38h (  2616) load[0m
[0;32mI (123) esp_image: segment 3: paddr=00020020 vaddr=42000020 size=18b44h (101188) map[0m
[0;32mI (149) esp_image: segment 4: paddr=00038b6c vaddr=40374a38 size=0cef8h ( 52984) load[0m
[0;32mI (166) boot: Loaded app from partition at offset 0x10000[0m
[0;32mI (166) boot: Disabling RNG early entropy source...[0m
[0;32mI (178) cpu_start: Multicore app[0m
[0;32mI (188) cpu_start: Pro cpu start user code[0m
[0;32mI (188) cpu_start: cpu freq: 160000000 Hz[0m
[0;32mI (188) app_init: Application information:[0m
[0;32mI (191) app_init: Project name:     air[0m
[0;32mI (195) app_init: App version:      39ed178-dirty[0m
[0;32mI (201) app_init: Compile time:     Apr 25 2024 10:24:17[0m
[0;32mI (207) app_init: ELF file SHA256:  7d9f88197...[0m
[0;32mI (212) app_init: ESP-IDF:          v5.3-dev-2265-gfdb7a43752[0m
[0;32mI (218) app_init: Min chip rev:     v0.0[0m
[0;32mI (223) app_init: Max chip rev:     v0.99 [0m
[0;32mI (228) app_init: Chip rev:         v0.1[0m
[0;32mI (232) heap_init: Initializing. RAM available for dynamic allocation:[0m
[0;32mI (240) heap_init: At 3FC94BF8 len 00054B18 (338 KiB): RAM[0m
[0;32mI (246) heap_init: At 3FCE9710 len 00005724 (21 KiB): RAM[0m
[0;32mI (252) heap_init: At 3FCF0000 len 00008000 (32 KiB): DRAM[0m
[0;32mI (258) heap_init: At 600FE010 len 00001FD8 (7 KiB): RTCRAM[0m
[0;32mI (265) spi_flash: detected chip: gd[0m
[0;32mI (268) spi_flash: flash io: dio[0m
[0;33mW (272) spi_flash: Detected size(8192k) larger than the size in the binary image header(2048k). Using the size in the binary image header.[0m
[0;32mI (286) sleep: Configure to isolate all GPIO pins in sleep state[0m
[0;32mI (292) sleep: Enable automatic switching of GPIO sleep configuration[0m
[0;32mI (300) main_task: Started on CPU0[0m
[0;32mI (320) main_task: Calling app_main()[0m
Low temperature, fan needed for HEATING the room
Fan: on
[0;32mI (320) main_task: Returned from app_main()[0m
Low temperature, fan needed for HEATING the room
Fan: on
Good temperature, fan not needed
Fan: off
[0;31mE (20320) FreeRTOS: FreeRTOS Task "Controllo Vento" should not return, Aborting now![0m

abort() was called at PC 0x4037a1fb on core 0


Backtrace: 0x40375962:0x3fc99860 0x40379979:0x3fc99880 0x4037f8d1:0x3fc998a0 0x4037a1fb:0x3fc99910




ELF file SHA256: 7d9f88197

Rebooting...
ï¿½ï¿½ï¿½ESP-ROM:esp32s3-20210327
Build:Mar 27 2021
rst:0xc (RTC_SW_CPU_RST),boot:0x8 (SPI_FAST_FLASH_BOOT)
Saved PC:0x4037589c
SPIWP:0xee
mode:DIO, clock div:1
load:0x3fce2810,len:0x178c
load:0x403c8700,len:0x4
load:0x403c8704,len:0xcb8
load:0x403cb700,len:0x2d9c
entry 0x403c8914
[0;32mI (31) boot: ESP-IDF v5.3-dev-2265-gfdb7a43752 2nd stage bootloader[0m
[0;32mI (31) boot: compile time Apr 25 2024 10:24:22[0m
[0;32mI (32) boot: Multicore bootloader[0m
[0;32mI (36) boot: chip revision: v0.1[0m
[0;32mI (40) boot.esp32s3: Boot SPI Speed : 80MHz[0m
[0;32mI (45) boot.esp32s3: SPI Mode       : DIO[0m
[0;32mI (49) boot.esp32s3: SPI Flash Size : 2MB[0m
[0;32mI (54) boot: Enabling RNG early entropy source...[0m
[0;32mI (59) boot: Partition Table:[0m
[0;32mI (63) boot: ## Label            Usage          Type ST Offset   Length[0m
[0;32mI (70) boot:  0 nvs              WiFi data        01 02 00009000 00006000[0m
[0;32mI (78) boot:  1 phy_init         RF data          01 01 0000f000 00001000[0m
[0;32mI (85) boot:  2 factory          factory app      00 00 00010000 00100000[0m
[0;32mI (93) boot: End of partition table[0m
[0;32mI (97) esp_image: segment 0: paddr=00010020 vaddr=3c020020 size=0cc9ch ( 52380) map[0m
[0;32mI (115) esp_image: segment 1: paddr=0001ccc4 vaddr=3fc91a00 size=02914h ( 10516) load[0m
[0;32mI (117) esp_image: segment 2: paddr=0001f5e0 vaddr=40374000 size=00a38h (  2616) load[0m
[0;32mI (123) esp_image: segment 3: paddr=00020020 vaddr=42000020 size=18b44h (101188) map[0m
[0;32mI (149) esp_image: segment 4: paddr=00038b6c vaddr=40374a38 size=0cef8h ( 52984) load[0m
[0;32mI (166) boot: Loaded app from partition at offset 0x10000[0m
[0;32mI (166) boot: Disabling RNG early entropy source...[0m
[0;32mI (178) cpu_start: Multicore app[0m
[0;32mI (188) cpu_start: Pro cpu start user code[0m
[0;32mI (188) cpu_start: cpu freq: 160000000 Hz[0m
[0;32mI (188) app_init: Application information:[0m
[0;32mI (191) app_init: Project name:     air[0m
[0;32mI (195) app_init: App version:      39ed178-dirty[0m
[0;32mI (201) app_init: Compile time:     Apr 25 2024 10:24:17[0m
[0;32mI (207) app_init: ELF file SHA256:  7d9f88197...[0m
[0;32mI (212) app_init: ESP-IDF:          v5.3-dev-2265-gfdb7a43752[0m
[0;32mI (218) app_init: Min chip rev:     v0.0[0m
[0;32mI (223) app_init: Max chip rev:     v0.99 [0m
[0;32mI (228) app_init: Chip rev:         v0.1[0m
[0;32mI (232) heap_init: Initializing. RAM available for dynamic allocation:[0m
[0;32mI (240) heap_init: At 3FC94BF8 len 00054B18 (338 KiB): RAM[0m
[0;32mI (246) heap_init: At 3FCE9710 len 00005724 (21 KiB): RAM[0m
[0;32mI (252) heap_init: At 3FCF0000 len 00008000 (32 KiB): DRAM[0m
[0;32mI (258) heap_init: At 600FE010 len 00001FD8 (7 KiB): RTCRAM[0m
[0;32mI (265) spi_flash: detected chip: gd[0m
[0;32mI (268) spi_flash: flash io: dio[0m
[0;33mW (272) spi_flash: Detected size(8192k) larger than the size in the binary image header(2048k). Using the size in the binary image header.[0m
[0;32mI (286) sleep: Configure to isolate all GPIO pins in sleep state[0m
[0;32mI (292) sleep: Enable automatic switching of GPIO sleep configuration[0m
[0;32mI (300) main_task: Started on CPU0[0m
[0;32mI (320) main_task: Calling app_main()[0m
High temerature, fan needed for COOLING the room
Fan: on
[0;32mI (320) main_task: Returned from app_main()[0m
